<html>
<body>
<pre>
<h1>礦ision Build Log</h1>
<h2>Tool Versions:</h2>
IDE-Version: μVision V5.21.1.0
Copyright (C) 2016 ARM Ltd and ARM Germany GmbH. All rights reserved.
License Information: lml lml, lml, LIC=S5ISZ-J0ZYP-24ESS-LBRAA-S14VJ-JNP6G
 
Tool Versions:
Toolchain:       MDK-ARM Professional  Version: 5.21a
Toolchain Path:  E:\Keil_v5\ARM\ARMCC\Bin
C Compiler:      Armcc.exe V5.06 update 3 (build 300)
Assembler:       Armasm.exe V5.06 update 3 (build 300)
Linker/Locator:  ArmLink.exe V5.06 update 3 (build 300)
Library Manager: ArmAr.exe V5.06 update 3 (build 300)
Hex Converter:   FromElf.exe V5.06 update 3 (build 300)
CPU DLL:         SARMCM3.DLL V5.21a
Dialog DLL:      DCM.DLL V1.13.8.0
Target DLL:      Segger\JL2CM3.dll V2.99.23.0
Dialog DLL:      TCM.DLL V1.14.14.0
 
<h2>Project:</h2>
D:\Project development\Aircraft\飞行器主板资料\模块代码参考资料\NRF24L01模块资料\Demo程序\demo_SI24R1\demo_SI24R1\Demo_nRF24L01_V3_0_ZeYao\Demo_SI24R1_Stm32F103\Project_SI24R1\Project_Rf24L01_Mdk.uvprojx
Project File Date:  02/05/2021

<h2>Output:</h2>
*** Using Compiler 'V5.06 update 3 (build 300)', folder: 'E:\Keil_v5\ARM\ARMCC\Bin'
Build target 'RF24L01'
compiling drv_button.c...
compiling drv_delay.c...
compiling drv_led.c...
compiling drv_uart.c...
compiling main.c...
compiling drv_spi.c...
compiling drv_RF24L01.c...
assembling startup_stm32f10x_hd.s...
compiling system_stm32f10x.c...
compiling stm32f10x_iwdg.c...
compiling stm32f10x_gpio.c...
compiling stm32f10x_spi.c...
compiling stm32f10x_rcc.c...
compiling core_cm3.c...
compiling stm32f10x_usart.c...
compiling stm32f10x_tim.c...
linking...
Program Size: Code=4328 RO-data=372 RW-data=32 ZI-data=744  
FromELF: creating hex file...
"..\output\Project_Rf24L01_Mdk.axf" - 0 Error(s), 0 Warning(s).

<h2>Collection of Component include folders:</h2>
  D:\Project development\Aircraft\飞行器主板资料\模块代码参考资料\NRF24L01模块资料\Demo程序\demo_SI24R1\demo_SI24R1\Demo_nRF24L01_V3_0_ZeYao\Demo_SI24R1_Stm32F103\Project_SI24R1\RTE
  E:\Keil_v5\ARM\PACK\Keil\STM32F1xx_DFP\2.2.0\Device\Include

<h2>Collection of Component Files used:</h2>
Build Time Elapsed:  00:00:05
</pre>
</body>
</html>
