Component: ARM Compiler 5.06 update 3 (build 300) Tool: armlink [4d35c9]

==============================================================================

Section Cross References

    startup_stm32f401xc.o(RESET) refers to startup_stm32f401xc.o(STACK) for __initial_sp
    startup_stm32f401xc.o(RESET) refers to startup_stm32f401xc.o(.text) for Reset_Handler
    startup_stm32f401xc.o(RESET) refers to stm32f4xx_it.o(i.NMI_Handler) for NMI_Handler
    startup_stm32f401xc.o(RESET) refers to stm32f4xx_it.o(i.HardFault_Handler) for HardFault_Handler
    startup_stm32f401xc.o(RESET) refers to stm32f4xx_it.o(i.MemManage_Handler) for MemManage_Handler
    startup_stm32f401xc.o(RESET) refers to stm32f4xx_it.o(i.BusFault_Handler) for BusFault_Handler
    startup_stm32f401xc.o(RESET) refers to stm32f4xx_it.o(i.UsageFault_Handler) for UsageFault_Handler
    startup_stm32f401xc.o(RESET) refers to stm32f4xx_it.o(i.SVC_Handler) for SVC_Handler
    startup_stm32f401xc.o(RESET) refers to stm32f4xx_it.o(i.DebugMon_Handler) for DebugMon_Handler
    startup_stm32f401xc.o(RESET) refers to stm32f4xx_it.o(i.PendSV_Handler) for PendSV_Handler
    startup_stm32f401xc.o(RESET) refers to stm32f4xx_it.o(i.SysTick_Handler) for SysTick_Handler
    startup_stm32f401xc.o(RESET) refers to stm32f4xx_it.o(i.TIM2_IRQHandler) for TIM2_IRQHandler
    startup_stm32f401xc.o(RESET) refers to stm32f4xx_it.o(i.I2C1_EV_IRQHandler) for I2C1_EV_IRQHandler
    startup_stm32f401xc.o(RESET) refers to stm32f4xx_it.o(i.I2C1_ER_IRQHandler) for I2C1_ER_IRQHandler
    startup_stm32f401xc.o(RESET) refers to stm32f4xx_it.o(i.SPI1_IRQHandler) for SPI1_IRQHandler
    startup_stm32f401xc.o(RESET) refers to stm32f4xx_it.o(i.USART1_IRQHandler) for USART1_IRQHandler
    startup_stm32f401xc.o(.text) refers to system_stm32f4xx.o(i.SystemInit) for SystemInit
    startup_stm32f401xc.o(.text) refers to entry.o(.ARM.Collect$$$$00000000) for __main
    mpu6050.o(i.MPU_Get_Accelerometer) refers to mpu6050.o(i.MPU_Read_Len) for MPU_Read_Len
    mpu6050.o(i.MPU_Get_Gyroscope) refers to mpu6050.o(i.MPU_Read_Len) for MPU_Read_Len
    mpu6050.o(i.MPU_Get_Temperature) refers to mpu6050.o(i.MPU_Read_Len) for MPU_Read_Len
    mpu6050.o(i.MPU_Get_Temperature) refers to dflti.o(.text) for __aeabi_i2d
    mpu6050.o(i.MPU_Get_Temperature) refers to ddiv.o(.text) for __aeabi_ddiv
    mpu6050.o(i.MPU_Get_Temperature) refers to dadd.o(.text) for __aeabi_dadd
    mpu6050.o(i.MPU_Get_Temperature) refers to d2f.o(.text) for __aeabi_d2f
    mpu6050.o(i.MPU_Init) refers to mpuiic.o(i.MPU_IIC_Init) for MPU_IIC_Init
    mpu6050.o(i.MPU_Init) refers to mpu6050.o(i.MPU_Write_Byte) for MPU_Write_Byte
    mpu6050.o(i.MPU_Init) refers to stm32f4xx_hal.o(i.HAL_Delay) for HAL_Delay
    mpu6050.o(i.MPU_Init) refers to mpu6050.o(i.MPU_Set_Gyro_Fsr) for MPU_Set_Gyro_Fsr
    mpu6050.o(i.MPU_Init) refers to mpu6050.o(i.MPU_Set_Accel_Fsr) for MPU_Set_Accel_Fsr
    mpu6050.o(i.MPU_Init) refers to mpu6050.o(i.MPU_Set_Rate) for MPU_Set_Rate
    mpu6050.o(i.MPU_Init) refers to mpu6050.o(i.MPU_Read_Byte) for MPU_Read_Byte
    mpu6050.o(i.MPU_Read_Byte) refers to mpuiic.o(i.MPU_IIC_Start) for MPU_IIC_Start
    mpu6050.o(i.MPU_Read_Byte) refers to mpuiic.o(i.MPU_IIC_Send_Byte) for MPU_IIC_Send_Byte
    mpu6050.o(i.MPU_Read_Byte) refers to mpuiic.o(i.MPU_IIC_Wait_Ack) for MPU_IIC_Wait_Ack
    mpu6050.o(i.MPU_Read_Byte) refers to mpuiic.o(i.MPU_IIC_Read_Byte) for MPU_IIC_Read_Byte
    mpu6050.o(i.MPU_Read_Byte) refers to mpuiic.o(i.MPU_IIC_Stop) for MPU_IIC_Stop
    mpu6050.o(i.MPU_Read_Len) refers to mpuiic.o(i.MPU_IIC_Start) for MPU_IIC_Start
    mpu6050.o(i.MPU_Read_Len) refers to mpuiic.o(i.MPU_IIC_Send_Byte) for MPU_IIC_Send_Byte
    mpu6050.o(i.MPU_Read_Len) refers to mpuiic.o(i.MPU_IIC_Wait_Ack) for MPU_IIC_Wait_Ack
    mpu6050.o(i.MPU_Read_Len) refers to mpuiic.o(i.MPU_IIC_Stop) for MPU_IIC_Stop
    mpu6050.o(i.MPU_Read_Len) refers to mpuiic.o(i.MPU_IIC_Read_Byte) for MPU_IIC_Read_Byte
    mpu6050.o(i.MPU_Set_Accel_Fsr) refers to mpu6050.o(i.MPU_Write_Byte) for MPU_Write_Byte
    mpu6050.o(i.MPU_Set_Gyro_Fsr) refers to mpu6050.o(i.MPU_Write_Byte) for MPU_Write_Byte
    mpu6050.o(i.MPU_Set_LPF) refers to mpu6050.o(i.MPU_Write_Byte) for MPU_Write_Byte
    mpu6050.o(i.MPU_Set_Rate) refers to mpu6050.o(i.MPU_Write_Byte) for MPU_Write_Byte
    mpu6050.o(i.MPU_Set_Rate) refers to mpu6050.o(i.MPU_Set_LPF) for MPU_Set_LPF
    mpu6050.o(i.MPU_Write_Byte) refers to mpuiic.o(i.MPU_IIC_Start) for MPU_IIC_Start
    mpu6050.o(i.MPU_Write_Byte) refers to mpuiic.o(i.MPU_IIC_Send_Byte) for MPU_IIC_Send_Byte
    mpu6050.o(i.MPU_Write_Byte) refers to mpuiic.o(i.MPU_IIC_Wait_Ack) for MPU_IIC_Wait_Ack
    mpu6050.o(i.MPU_Write_Byte) refers to mpuiic.o(i.MPU_IIC_Stop) for MPU_IIC_Stop
    mpu6050.o(i.MPU_Write_Len) refers to mpuiic.o(i.MPU_IIC_Start) for MPU_IIC_Start
    mpu6050.o(i.MPU_Write_Len) refers to mpuiic.o(i.MPU_IIC_Send_Byte) for MPU_IIC_Send_Byte
[...]
    i.SystemInit                             0x08003c20   Section        0  system_stm32f4xx.o(i.SystemInit)
    i.TIM2_IRQHandler                        0x08003c74   Section        0  stm32f4xx_it.o(i.TIM2_IRQHandler)
    i.TIM_Base_SetConfig                     0x08003c80   Section        0  stm32f4xx_hal_tim.o(i.TIM_Base_SetConfig)
    i.TIM_CCxChannelCmd                      0x08003d18   Section        0  stm32f4xx_hal_tim.o(i.TIM_CCxChannelCmd)
    i.TIM_ETR_SetConfig                      0x08003d32   Section        0  stm32f4xx_hal_tim.o(i.TIM_ETR_SetConfig)
    i.TIM_ITRx_SetConfig                     0x08003d46   Section        0  stm32f4xx_hal_tim.o(i.TIM_ITRx_SetConfig)
    TIM_ITRx_SetConfig                       0x08003d47   Thumb Code    16  stm32f4xx_hal_tim.o(i.TIM_ITRx_SetConfig)
    i.TIM_OC1_SetConfig                      0x08003d58   Section        0  stm32f4xx_hal_tim.o(i.TIM_OC1_SetConfig)
    TIM_OC1_SetConfig                        0x08003d59   Thumb Code    74  stm32f4xx_hal_tim.o(i.TIM_OC1_SetConfig)
    i.TIM_OC2_SetConfig                      0x08003da8   Section        0  stm32f4xx_hal_tim.o(i.TIM_OC2_SetConfig)
    i.TIM_OC3_SetConfig                      0x08003e00   Section        0  stm32f4xx_hal_tim.o(i.TIM_OC3_SetConfig)
    TIM_OC3_SetConfig                        0x08003e01   Thumb Code    82  stm32f4xx_hal_tim.o(i.TIM_OC3_SetConfig)
    i.TIM_OC4_SetConfig                      0x08003e58   Section        0  stm32f4xx_hal_tim.o(i.TIM_OC4_SetConfig)
    TIM_OC4_SetConfig                        0x08003e59   Thumb Code    64  stm32f4xx_hal_tim.o(i.TIM_OC4_SetConfig)
    i.TIM_TI1_ConfigInputStage               0x08003e9c   Section        0  stm32f4xx_hal_tim.o(i.TIM_TI1_ConfigInputStage)
    TIM_TI1_ConfigInputStage                 0x08003e9d   Thumb Code    34  stm32f4xx_hal_tim.o(i.TIM_TI1_ConfigInputStage)
    i.TIM_TI2_ConfigInputStage               0x08003ebe   Section        0  stm32f4xx_hal_tim.o(i.TIM_TI2_ConfigInputStage)
    TIM_TI2_ConfigInputStage                 0x08003ebf   Thumb Code    36  stm32f4xx_hal_tim.o(i.TIM_TI2_ConfigInputStage)
    i.UART_DMAAbortOnError                   0x08003ee2   Section        0  stm32f4xx_hal_uart.o(i.UART_DMAAbortOnError)
    UART_DMAAbortOnError                     0x08003ee3   Thumb Code    16  stm32f4xx_hal_uart.o(i.UART_DMAAbortOnError)
    i.UART_EndRxTransfer                     0x08003ef2   Section        0  stm32f4xx_hal_uart.o(i.UART_EndRxTransfer)
    UART_EndRxTransfer                       0x08003ef3   Thumb Code    28  stm32f4xx_hal_uart.o(i.UART_EndRxTransfer)
    i.UART_Receive_IT                        0x08003f0e   Section        0  stm32f4xx_hal_uart.o(i.UART_Receive_IT)
    UART_Receive_IT                          0x08003f0f   Thumb Code   150  stm32f4xx_hal_uart.o(i.UART_Receive_IT)
    i.UART_SetConfig                         0x08003fa4   Section        0  stm32f4xx_hal_uart.o(i.UART_SetConfig)
    UART_SetConfig                           0x08003fa5   Thumb Code   676  stm32f4xx_hal_uart.o(i.UART_SetConfig)
    i.UART_Transmit_IT                       0x08004250   Section        0  stm32f4xx_hal_uart.o(i.UART_Transmit_IT)
    UART_Transmit_IT                         0x08004251   Thumb Code    98  stm32f4xx_hal_uart.o(i.UART_Transmit_IT)
    i.UART_WaitOnFlagUntilTimeout            0x080042b2   Section        0  stm32f4xx_hal_uart.o(i.UART_WaitOnFlagUntilTimeout)
    UART_WaitOnFlagUntilTimeout              0x080042b3   Thumb Code   100  stm32f4xx_hal_uart.o(i.UART_WaitOnFlagUntilTimeout)
    i.USART1_IRQHandler                      0x08004318   Section        0  stm32f4xx_it.o(i.USART1_IRQHandler)
    i.UsageFault_Handler                     0x08004324   Section        0  stm32f4xx_it.o(i.UsageFault_Handler)
    i.__0printf$8                            0x08004328   Section        0  printf8.o(i.__0printf$8)
    i.__ARM_fpclassify                       0x08004348   Section        0  fpclassify.o(i.__ARM_fpclassify)
    i.__NVIC_SetPriority                     0x08004378   Section        0  stm32f4xx_hal_cortex.o(i.__NVIC_SetPriority)
    __NVIC_SetPriority                       0x08004379   Thumb Code    32  stm32f4xx_hal_cortex.o(i.__NVIC_SetPriority)
    i.__hardfp_asin                          0x08004398   Section        0  asin.o(i.__hardfp_asin)
    i.__hardfp_atan                          0x080046f8   Section        0  atan.o(i.__hardfp_atan)
    i.__hardfp_atan2                         0x080049d0   Section        0  atan2.o(i.__hardfp_atan2)
    i.__kernel_poly                          0x08004bc0   Section        0  poly.o(i.__kernel_poly)
    i.__mathlib_dbl_infnan                   0x08004cb8   Section        0  dunder.o(i.__mathlib_dbl_infnan)
    i.__mathlib_dbl_infnan2                  0x08004ccc   Section        0  dunder.o(i.__mathlib_dbl_infnan2)
    i.__mathlib_dbl_invalid                  0x08004ce0   Section        0  dunder.o(i.__mathlib_dbl_invalid)
    i.__mathlib_dbl_underflow                0x08004d00   Section        0  dunder.o(i.__mathlib_dbl_underflow)
    i.__scatterload_copy                     0x08004d20   Section       14  handlers.o(i.__scatterload_copy)
    i.__scatterload_null                     0x08004d2e   Section        2  handlers.o(i.__scatterload_null)
    i.__scatterload_zeroinit                 0x08004d30   Section       14  handlers.o(i.__scatterload_zeroinit)
    i.__set_errno                            0x08004d40   Section        0  errno.o(i.__set_errno)
    i._printf_core                           0x08004d4c   Section        0  printf8.o(i._printf_core)
    _printf_core                             0x08004d4d   Thumb Code   996  printf8.o(i._printf_core)
    i._printf_post_padding                   0x0800515c   Section        0  printf8.o(i._printf_post_padding)
    _printf_post_padding                     0x0800515d   Thumb Code    36  printf8.o(i._printf_post_padding)
    i._printf_pre_padding                    0x08005180   Section        0  printf8.o(i._printf_pre_padding)
    _printf_pre_padding                      0x08005181   Thumb Code    46  printf8.o(i._printf_pre_padding)
    i.accel_self_test                        0x080051b0   Section        0  inv_mpu.o(i.accel_self_test)
    accel_self_test                          0x080051b1   Thumb Code   126  inv_mpu.o(i.accel_self_test)
    i.atan                                   0x08005240   Section        0  atan.o(i.atan)
    i.bmp280_init                            0x08005250   Section        0  bmp280.o(i.bmp280_init)
    i.bmp280_init_default_params             0x08005318   Section        0  bmp280.o(i.bmp280_init_default_params)
    i.bmp280_read_fixed                      0x0800532a   Section        0  bmp280.o(i.bmp280_read_fixed)
    i.bmp280_read_float                      0x08005438   Section        0  bmp280.o(i.bmp280_read_float)
    i.compensate_pressure                    0x080054a4   Section        0  bmp280.o(i.compensate_pressure)
    compensate_pressure                      0x080054a5   Thumb Code   342  bmp280.o(i.compensate_pressure)
    i.delay_us                               0x08005600   Section        0  mpuiic.o(i.delay_us)
    i.dmp_enable_6x_lp_quat                  0x0800560e   Section        0  inv_mpu_dmp_motion_driver.o(i.dmp_enable_6x_lp_quat)
    i.dmp_enable_feature                     0x08005648   Section        0  inv_mpu_dmp_motion_driver.o(i.dmp_enable_feature)
    i.dmp_enable_gyro_cal                    0x08005820   Section        0  inv_mpu_dmp_motion_driver.o(i.dmp_enable_gyro_cal)
    i.dmp_enable_lp_quat                     0x0800585c   Section        0  inv_mpu_dmp_motion_driver.o(i.dmp_enable_lp_quat)
    i.dmp_load_motion_driver_firmware        0x08005898   Section        0  inv_mpu_dmp_motion_driver.o(i.dmp_load_motion_driver_firmware)
    i.dmp_read_fifo                          0x080058ac   Section        0  inv_mpu_dmp_motion_driver.o(i.dmp_read_fifo)
    i.dmp_set_accel_bias                     0x080059f4   Section        0  inv_mpu_dmp_motion_driver.o(i.dmp_set_accel_bias)
    i.dmp_set_fifo_rate                      0x08005acc   Section        0  inv_mpu_dmp_motion_driver.o(i.dmp_set_fifo_rate)
    i.dmp_set_gyro_bias                      0x08005b30   Section        0  inv_mpu_dmp_motion_driver.o(i.dmp_set_gyro_bias)
    i.dmp_set_orientation                    0x08005bfc   Section        0  inv_mpu_dmp_motion_driver.o(i.dmp_set_orientation)
    i.dmp_set_shake_reject_thresh            0x08005d08   Section        0  inv_mpu_dmp_motion_driver.o(i.dmp_set_shake_reject_thresh)
    i.dmp_set_shake_reject_time              0x08005d38   Section        0  inv_mpu_dmp_motion_driver.o(i.dmp_set_shake_reject_time)
    i.dmp_set_shake_reject_timeout           0x08005d58   Section        0  inv_mpu_dmp_motion_driver.o(i.dmp_set_shake_reject_timeout)
    i.dmp_set_tap_axes                       0x08005d78   Section        0  inv_mpu_dmp_motion_driver.o(i.dmp_set_tap_axes)
    i.dmp_set_tap_count                      0x08005db8   Section        0  inv_mpu_dmp_motion_driver.o(i.dmp_set_tap_count)
    i.dmp_set_tap_thresh                     0x08005ddc   Section        0  inv_mpu_dmp_motion_driver.o(i.dmp_set_tap_thresh)
    i.dmp_set_tap_time                       0x08005f3c   Section        0  inv_mpu_dmp_motion_driver.o(i.dmp_set_tap_time)
    i.dmp_set_tap_time_multi                 0x08005f5c   Section        0  inv_mpu_dmp_motion_driver.o(i.dmp_set_tap_time_multi)
    i.fabs                                   0x08005f7c   Section        0  fabs.o(i.fabs)
    i.fputc                                  0x08005f94   Section        0  usart.o(i.fputc)
    i.get_accel_prod_shift                   0x08005fac   Section        0  inv_mpu.o(i.get_accel_prod_shift)
    get_accel_prod_shift                     0x08005fad   Thumb Code   164  inv_mpu.o(i.get_accel_prod_shift)
    i.get_st_biases                          0x08006060   Section        0  inv_mpu.o(i.get_st_biases)
    get_st_biases                            0x08006061   Thumb Code   784  inv_mpu.o(i.get_st_biases)
    i.gyro_self_test                         0x08006374   Section        0  inv_mpu.o(i.gyro_self_test)
    gyro_self_test                           0x08006375   Thumb Code   190  inv_mpu.o(i.gyro_self_test)
    i.inv_orientation_matrix_to_scalar       0x08006448   Section        0  inv_mpu.o(i.inv_orientation_matrix_to_scalar)
    i.inv_row_2_scale                        0x0800646a   Section        0  inv_mpu.o(i.inv_row_2_scale)
    i.main                                   0x080064b4   Section        0  main.o(i.main)
    i.mget_ms                                0x08006898   Section        0  inv_mpu.o(i.mget_ms)
    i.mpu_configure_fifo                     0x0800689c   Section        0  inv_mpu.o(i.mpu_configure_fifo)
    i.mpu_dmp_get_data                       0x080068f0   Section        0  inv_mpu.o(i.mpu_dmp_get_data)
    i.mpu_dmp_init                           0x08006a54   Section        0  inv_mpu.o(i.mpu_dmp_init)
    i.mpu_get_accel_fsr                      0x08006af8   Section        0  inv_mpu.o(i.mpu_get_accel_fsr)
    i.mpu_get_accel_sens                     0x08006b34   Section        0  inv_mpu.o(i.mpu_get_accel_sens)
    i.mpu_get_gyro_fsr                       0x08006b78   Section        0  inv_mpu.o(i.mpu_get_gyro_fsr)
    i.mpu_get_gyro_sens                      0x08006bac   Section        0  inv_mpu.o(i.mpu_get_gyro_sens)
    i.mpu_get_lpf                            0x08006bf8   Section        0  inv_mpu.o(i.mpu_get_lpf)
    i.mpu_get_sample_rate                    0x08006c30   Section        0  inv_mpu.o(i.mpu_get_sample_rate)
    i.mpu_init                               0x08006c4c   Section        0  inv_mpu.o(i.mpu_init)
    i.mpu_load_firmware                      0x08006dd4   Section        0  inv_mpu.o(i.mpu_load_firmware)
    i.mpu_lp_accel_mode                      0x08006e74   Section        0  inv_mpu.o(i.mpu_lp_accel_mode)
    i.mpu_read_fifo_stream                   0x08006f2c   Section        0  inv_mpu.o(i.mpu_read_fifo_stream)
    i.mpu_read_mem                           0x08006fbc   Section        0  inv_mpu.o(i.mpu_read_mem)
    i.mpu_reset_fifo                         0x08007010   Section        0  inv_mpu.o(i.mpu_reset_fifo)
    i.mpu_run_self_test                      0x08007170   Section        0  inv_mpu.o(i.mpu_run_self_test)
    i.mpu_set_accel_fsr                      0x08007260   Section        0  inv_mpu.o(i.mpu_set_accel_fsr)
    i.mpu_set_bypass                         0x080072c8   Section        0  inv_mpu.o(i.mpu_set_bypass)
    i.mpu_set_dmp_state                      0x080073a4   Section        0  inv_mpu.o(i.mpu_set_dmp_state)
    i.mpu_set_gyro_fsr                       0x0800741c   Section        0  inv_mpu.o(i.mpu_set_gyro_fsr)
    i.mpu_set_int_latched                    0x08007488   Section        0  inv_mpu.o(i.mpu_set_int_latched)
    i.mpu_set_lpf                            0x080074ec   Section        0  inv_mpu.o(i.mpu_set_lpf)
    i.mpu_set_sample_rate                    0x08007558   Section        0  inv_mpu.o(i.mpu_set_sample_rate)
    i.mpu_set_sensors                        0x080075d8   Section        0  inv_mpu.o(i.mpu_set_sensors)
    i.mpu_write_mem                          0x08007690   Section        0  inv_mpu.o(i.mpu_write_mem)
    i.pidParameter_init                      0x080076e4   Section        0  pid.o(i.pidParameter_init)
    i.read_calibration_data                  0x08007750   Section        0  bmp280.o(i.read_calibration_data)
    read_calibration_data                    0x08007751   Thumb Code   176  bmp280.o(i.read_calibration_data)
    i.read_data                              0x08007800   Section        0  bmp280.o(i.read_data)
    read_data                                0x08007801   Thumb Code    42  bmp280.o(i.read_data)
    i.read_hum_calibration_data              0x0800782a   Section        0  bmp280.o(i.read_hum_calibration_data)
    read_hum_calibration_data                0x0800782b   Thumb Code   120  bmp280.o(i.read_hum_calibration_data)
    i.read_register16                        0x080078a2   Section        0  bmp280.o(i.read_register16)
    read_register16                          0x080078a3   Thumb Code    56  bmp280.o(i.read_register16)
    i.run_self_test                          0x080078da   Section        0  inv_mpu.o(i.run_self_test)
    i.set_int_enable                         0x08007964   Section        0  inv_mpu.o(i.set_int_enable)
    set_int_enable                           0x08007965   Thumb Code    84  inv_mpu.o(i.set_int_enable)
    i.sqrt                                   0x080079bc   Section        0  sqrt.o(i.sqrt)
    i.write_register8                        0x08007a2a   Section        0  bmp280.o(i.write_register8)
    write_register8                          0x08007a2b   Thumb Code    46  bmp280.o(i.write_register8)
    .constdata                               0x08007a58   Section       27  inv_mpu.o(.constdata)
    .constdata                               0x08007a74   Section       12  inv_mpu.o(.constdata)
    .constdata                               0x08007a80   Section       40  inv_mpu.o(.constdata)
    .constdata                               0x08007aa8   Section     3062  inv_mpu_dmp_motion_driver.o(.constdata)
    dmp_memory                               0x08007aa8   Data        3062  inv_mpu_dmp_motion_driver.o(.constdata)
    .constdata                               0x0800869e   Section       10  si24r1.o(.constdata)
    .constdata                               0x080086a8   Section       16  system_stm32f4xx.o(.constdata)
    .constdata                               0x080086b8   Section        8  system_stm32f4xx.o(.constdata)
    .constdata                               0x080086c0   Section       80  asin.o(.constdata)
    pS                                       0x080086c0   Data          48  asin.o(.constdata)
    qS                                       0x080086f0   Data          32  asin.o(.constdata)
    .constdata                               0x08008710   Section      152  atan.o(.constdata)
    atanhi                                   0x08008710   Data          32  atan.o(.constdata)
    atanlo                                   0x08008730   Data          32  atan.o(.constdata)
    aTodd                                    0x08008750   Data          40  atan.o(.constdata)
    aTeven                                   0x08008778   Data          48  atan.o(.constdata)
    .constdata                               0x080087a8   Section        8  qnan.o(.constdata)
    .conststring                             0x080087b0   Section       77  inv_mpu.o(.conststring)
    .data                                    0x20000000   Section       53  inv_mpu.o(.data)
    st                                       0x20000000   Data          44  inv_mpu.o(.data)
    gyro_orientation                         0x2000002c   Data           9  inv_mpu.o(.data)
    .data                                    0x20000038   Section       52  main.o(.data)
    .data                                    0x2000006c   Section       12  stm32f4xx_hal.o(.data)
    .data                                    0x20000078   Section        4  system_stm32f4xx.o(.data)
    .data                                    0x2000007c   Section        4  stdout.o(.data)
    .data                                    0x20000080   Section        4  errno.o(.data)
    _errno                                   0x20000080   Data           4  errno.o(.data)
    .bss                                     0x20000084   Section       16  inv_mpu_dmp_motion_driver.o(.bss)
    dmp                                      0x20000084   Data          16  inv_mpu_dmp_motion_driver.o(.bss)
    .bss                                     0x20000094   Section      252  main.o(.bss)
    .bss                                     0x20000190   Section       84  i2c.o(.bss)
    .bss                                     0x200001e4   Section       88  spi.o(.bss)
    .bss                                     0x2000023c   Section       64  tim.o(.bss)
    .bss                                     0x2000027c   Section       64  usart.o(.bss)
    STACK                                    0x200002c0   Section     1024  startup_stm32f401xc.o(STACK)

    Global Symbols

    Symbol Name                              Value     Ov Type        Size  Object(Section)

    BuildAttributes$$THM_ISAv4$E$P$D$K$B$S$7EM$VFPi3$EXTD16$VFPS$VFMA$PE$A:L22UL41UL21$X:L11$S22US41US21$IEEE1$IW$USESV6$~STKCKD$USESV7$~SHL$OTIME$ROPI$IEEEX$EBA8$MICROLIB$REQ8$PRES8$EABIv2 0x00000000   Number         0  anon$$obj.o ABSOLUTE
    __ARM_use_no_argv                        0x00000000   Number         0  main.o ABSOLUTE
    _printf_a                                0x00000000   Number         0  stubs.o ABSOLUTE
    _printf_c                                0x00000000   Number         0  stubs.o ABSOLUTE
    _printf_charcount                        0x00000000   Number         0  stubs.o ABSOLUTE
    _printf_d                                0x00000000   Number         0  stubs.o ABSOLUTE
    _printf_e                                0x00000000   Number         0  stubs.o ABSOLUTE
    _printf_f                                0x00000000   Number         0  stubs.o ABSOLUTE
    _printf_flags                            0x00000000   Number         0  stubs.o ABSOLUTE
    _printf_fp_dec                           0x00000000   Number         0  stubs.o ABSOLUTE
    _printf_fp_hex                           0x00000000   Number         0  stubs.o ABSOLUTE
    _printf_g                                0x00000000   Number         0  stubs.o ABSOLUTE
    _printf_i                                0x00000000   Number         0  stubs.o ABSOLUTE
    _printf_int_dec                          0x00000000   Number         0  stubs.o ABSOLUTE
    _printf_l                                0x00000000   Number         0  stubs.o ABSOLUTE
    _printf_lc                               0x00000000   Number         0  stubs.o ABSOLUTE
    _printf_ll                               0x00000000   Number         0  stubs.o ABSOLUTE
    _printf_lld                              0x00000000   Number         0  stubs.o ABSOLUTE
    _printf_lli                              0x00000000   Number         0  stubs.o ABSOLUTE
    _printf_llo                              0x00000000   Number         0  stubs.o ABSOLUTE
    _printf_llu                              0x00000000   Number         0  stubs.o ABSOLUTE
    _printf_llx                              0x00000000   Number         0  stubs.o ABSOLUTE
    _printf_longlong_dec                     0x00000000   Number         0  stubs.o ABSOLUTE
    _printf_longlong_hex                     0x00000000   Number         0  stubs.o ABSOLUTE
    _printf_longlong_oct                     0x00000000   Number         0  stubs.o ABSOLUTE
    _printf_ls                               0x00000000   Number         0  stubs.o ABSOLUTE
    _printf_mbtowc                           0x00000000   Number         0  stubs.o ABSOLUTE
    _printf_n                                0x00000000   Number         0  stubs.o ABSOLUTE
    _printf_o                                0x00000000   Number         0  stubs.o ABSOLUTE
    _printf_p                                0x00000000   Number         0  stubs.o ABSOLUTE
    _printf_percent                          0x00000000   Number         0  stubs.o ABSOLUTE
    _printf_pre_padding                      0x00000000   Number         0  stubs.o ABSOLUTE
    _printf_return_value                     0x00000000   Number         0  stubs.o ABSOLUTE
    _printf_s                                0x00000000   Number         0  stubs.o ABSOLUTE
    _printf_sizespec                         0x00000000   Number         0  stubs.o ABSOLUTE
    _printf_str                              0x00000000   Number         0  stubs.o ABSOLUTE
    _printf_truncate_signed                  0x00000000   Number         0  stubs.o ABSOLUTE
    _printf_truncate_unsigned                0x00000000   Number         0  stubs.o ABSOLUTE
    _printf_u                                0x00000000   Number         0  stubs.o ABSOLUTE
    _printf_wc                               0x00000000   Number         0  stubs.o ABSOLUTE
    _printf_wctomb                           0x00000000   Number         0  stubs.o ABSOLUTE
    _printf_widthprec                        0x00000000   Number         0  stubs.o ABSOLUTE
    _printf_x                                0x00000000   Number         0  stubs.o ABSOLUTE
    __cpp_initialize__aeabi_                  - Undefined Weak Reference
    __cxa_finalize                            - Undefined Weak Reference
    __decompress                              - Undefined Weak Reference
    _clock_init                               - Undefined Weak Reference
    _microlib_exit                            - Undefined Weak Reference
    __Vectors_Size                           0x00000194   Number         0  startup_stm32f401xc.o ABSOLUTE
    __Vectors                                0x08000000   Data           4  startup_stm32f401xc.o(RESET)
    __Vectors_End                            0x08000194   Data           0  startup_stm32f401xc.o(RESET)
    __main                                   0x08000195   Thumb Code     0  entry.o(.ARM.Collect$$$$00000000)
    _main_stk                                0x08000195   Thumb Code     0  entry2.o(.ARM.Collect$$$$00000001)
    _main_scatterload                        0x08000199   Thumb Code     0  entry5.o(.ARM.Collect$$$$00000004)
    __main_after_scatterload                 0x0800019d   Thumb Code     0  entry5.o(.ARM.Collect$$$$00000004)
    _main_clock                              0x0800019d   Thumb Code     0  entry7b.o(.ARM.Collect$$$$00000008)
    _main_cpp_init                           0x0800019d   Thumb Code     0  entry8b.o(.ARM.Collect$$$$0000000A)
    _main_init                               0x0800019d   Thumb Code     0  entry9a.o(.ARM.Collect$$$$0000000B)
    __rt_final_cpp                           0x080001a5   Thumb Code     0  entry10a.o(.ARM.Collect$$$$0000000D)
    __rt_final_exit                          0x080001a5   Thumb Code     0  entry11a.o(.ARM.Collect$$$$0000000F)
    Reset_Handler                            0x080001a9   Thumb Code     8  startup_stm32f401xc.o(.text)
    ADC_IRQHandler                           0x080001c3   Thumb Code     0  startup_stm32f401xc.o(.text)
    DMA1_Stream0_IRQHandler                  0x080001c3   Thumb Code     0  startup_stm32f401xc.o(.text)
    DMA1_Stream1_IRQHandler                  0x080001c3   Thumb Code     0  startup_stm32f401xc.o(.text)
    DMA1_Stream2_IRQHandler                  0x080001c3   Thumb Code     0  startup_stm32f401xc.o(.text)
    DMA1_Stream3_IRQHandler                  0x080001c3   Thumb Code     0  startup_stm32f401xc.o(.text)
    DMA1_Stream4_IRQHandler                  0x080001c3   Thumb Code     0  startup_stm32f401xc.o(.text)
    DMA1_Stream5_IRQHandler                  0x080001c3   Thumb Code     0  startup_stm32f401xc.o(.text)
    DMA1_Stream6_IRQHandler                  0x080001c3   Thumb Code     0  startup_stm32f401xc.o(.text)
    DMA1_Stream7_IRQHandler                  0x080001c3   Thumb Code     0  startup_stm32f401xc.o(.text)
    DMA2_Stream0_IRQHandler                  0x080001c3   Thumb Code     0  startup_stm32f401xc.o(.text)
    DMA2_Stream1_IRQHandler                  0x080001c3   Thumb Code     0  startup_stm32f401xc.o(.text)
    DMA2_Stream2_IRQHandler                  0x080001c3   Thumb Code     0  startup_stm32f401xc.o(.text)
    DMA2_Stream3_IRQHandler                  0x080001c3   Thumb Code     0  startup_stm32f401xc.o(.text)
    DMA2_Stream4_IRQHandler                  0x080001c3   Thumb Code     0  startup_stm32f401xc.o(.text)
    DMA2_Stream5_IRQHandler                  0x080001c3   Thumb Code     0  startup_stm32f401xc.o(.text)
    DMA2_Stream6_IRQHandler                  0x080001c3   Thumb Code     0  startup_stm32f401xc.o(.text)
    DMA2_Stream7_IRQHandler                  0x080001c3   Thumb Code     0  startup_stm32f401xc.o(.text)
    EXTI0_IRQHandler                         0x080001c3   Thumb Code     0  startup_stm32f401xc.o(.text)
    EXTI15_10_IRQHandler                     0x080001c3   Thumb Code     0  startup_stm32f401xc.o(.text)
    EXTI1_IRQHandler                         0x080001c3   Thumb Code     0  startup_stm32f401xc.o(.text)
    EXTI2_IRQHandler                         0x080001c3   Thumb Code     0  startup_stm32f401xc.o(.text)
    EXTI3_IRQHandler                         0x080001c3   Thumb Code     0  startup_stm32f401xc.o(.text)
    EXTI4_IRQHandler                         0x080001c3   Thumb Code     0  startup_stm32f401xc.o(.text)
    EXTI9_5_IRQHandler                       0x080001c3   Thumb Code     0  startup_stm32f401xc.o(.text)
    FLASH_IRQHandler                         0x080001c3   Thumb Code     0  startup_stm32f401xc.o(.text)
    FPU_IRQHandler                           0x080001c3   Thumb Code     0  startup_stm32f401xc.o(.text)
    I2C2_ER_IRQHandler                       0x080001c3   Thumb Code     0  startup_stm32f401xc.o(.text)
    I2C2_EV_IRQHandler                       0x080001c3   Thumb Code     0  startup_stm32f401xc.o(.text)
    I2C3_ER_IRQHandler                       0x080001c3   Thumb Code     0  startup_stm32f401xc.o(.text)
    I2C3_EV_IRQHandler                       0x080001c3   Thumb Code     0  startup_stm32f401xc.o(.text)
    OTG_FS_IRQHandler                        0x080001c3   Thumb Code     0  startup_stm32f401xc.o(.text)
    OTG_FS_WKUP_IRQHandler                   0x080001c3   Thumb Code     0  startup_stm32f401xc.o(.text)
    PVD_IRQHandler                           0x080001c3   Thumb Code     0  startup_stm32f401xc.o(.text)
    RCC_IRQHandler                           0x080001c3   Thumb Code     0  startup_stm32f401xc.o(.text)
    RTC_Alarm_IRQHandler                     0x080001c3   Thumb Code     0  startup_stm32f401xc.o(.text)
    RTC_WKUP_IRQHandler                      0x080001c3   Thumb Code     0  startup_stm32f401xc.o(.text)
    SDIO_IRQHandler                          0x080001c3   Thumb Code     0  startup_stm32f401xc.o(.text)
    SPI2_IRQHandler                          0x080001c3   Thumb Code     0  startup_stm32f401xc.o(.text)
    SPI3_IRQHandler                          0x080001c3   Thumb Code     0  startup_stm32f401xc.o(.text)
    SPI4_IRQHandler                          0x080001c3   Thumb Code     0  startup_stm32f401xc.o(.text)
    TAMP_STAMP_IRQHandler                    0x080001c3   Thumb Code     0  startup_stm32f401xc.o(.text)
    TIM1_BRK_TIM9_IRQHandler                 0x080001c3   Thumb Code     0  startup_stm32f401xc.o(.text)
    TIM1_CC_IRQHandler                       0x080001c3   Thumb Code     0  startup_stm32f401xc.o(.text)
    TIM1_TRG_COM_TIM11_IRQHandler            0x080001c3   Thumb Code     0  startup_stm32f401xc.o(.text)
    TIM1_UP_TIM10_IRQHandler                 0x080001c3   Thumb Code     0  startup_stm32f401xc.o(.text)
    TIM3_IRQHandler                          0x080001c3   Thumb Code     0  startup_stm32f401xc.o(.text)
    TIM4_IRQHandler                          0x080001c3   Thumb Code     0  startup_stm32f401xc.o(.text)
    TIM5_IRQHandler                          0x080001c3   Thumb Code     0  startup_stm32f401xc.o(.text)
    USART2_IRQHandler                        0x080001c3   Thumb Code     0  startup_stm32f401xc.o(.text)
    USART6_IRQHandler                        0x080001c3   Thumb Code     0  startup_stm32f401xc.o(.text)
    WWDG_IRQHandler                          0x080001c3   Thumb Code     0  startup_stm32f401xc.o(.text)
    __aeabi_uldivmod                         0x080001cd   Thumb Code    98  uldiv.o(.text)
    __aeabi_ldivmod                          0x0800022f   Thumb Code    98  ldiv.o(.text)
    __aeabi_memset                           0x08000291   Thumb Code    14  memseta.o(.text)
    __aeabi_memset4                          0x08000291   Thumb Code     0  memseta.o(.text)
    __aeabi_memset8                          0x08000291   Thumb Code     0  memseta.o(.text)
    __aeabi_memclr                           0x0800029f   Thumb Code     4  memseta.o(.text)
    __aeabi_memclr4                          0x0800029f   Thumb Code     0  memseta.o(.text)
    __aeabi_memclr8                          0x0800029f   Thumb Code     0  memseta.o(.text)
    _memset$wrapper                          0x080002a3   Thumb Code    18  memseta.o(.text)
    memcmp                                   0x080002b5   Thumb Code    26  memcmp.o(.text)
    __aeabi_dadd                             0x080002cf   Thumb Code   322  dadd.o(.text)
    __aeabi_dsub                             0x08000411   Thumb Code     6  dadd.o(.text)
    __aeabi_drsub                            0x08000417   Thumb Code     6  dadd.o(.text)
    __aeabi_dmul                             0x0800041d   Thumb Code   228  dmul.o(.text)
    __aeabi_ddiv                             0x08000501   Thumb Code   222  ddiv.o(.text)
    __aeabi_i2d                              0x080005df   Thumb Code    34  dflti.o(.text)
    __aeabi_f2d                              0x08000601   Thumb Code    38  f2d.o(.text)
    __aeabi_d2f                              0x08000627   Thumb Code    56  d2f.o(.text)
    __aeabi_llsl                             0x0800065f   Thumb Code    30  llshl.o(.text)
    _ll_shift_l                              0x0800065f   Thumb Code     0  llshl.o(.text)
    __aeabi_llsr                             0x0800067d   Thumb Code    32  llushr.o(.text)
    _ll_ushift_r                             0x0800067d   Thumb Code     0  llushr.o(.text)
    __aeabi_lasr                             0x0800069d   Thumb Code    36  llsshr.o(.text)
    _ll_sshift_r                             0x0800069d   Thumb Code     0  llsshr.o(.text)
    __I$use$fp                               0x080006c1   Thumb Code     0  iusefp.o(.text)
    _float_round                             0x080006c1   Thumb Code    18  fepilogue.o(.text)
    _float_epilogue                          0x080006d3   Thumb Code    92  fepilogue.o(.text)
    _double_round                            0x0800072f   Thumb Code    30  depilogue.o(.text)
    _double_epilogue                         0x0800074d   Thumb Code   156  depilogue.o(.text)
    __scatterload                            0x080007e9   Thumb Code    28  init.o(.text)
    __scatterload_rt2                        0x080007e9   Thumb Code     0  init.o(.text)
    _dsqrt                                   0x0800080d   Thumb Code   162  dsqrt.o(.text)
    BusFault_Handler                         0x080008af   Thumb Code     2  stm32f4xx_it.o(i.BusFault_Handler)
    DebugMon_Handler                         0x080008b1   Thumb Code     2  stm32f4xx_it.o(i.DebugMon_Handler)
    Error_Handler                            0x080008b3   Thumb Code     2  main.o(i.Error_Handler)
    HAL_DMA_Abort_IT                         0x080008b5   Thumb Code    36  stm32f4xx_hal_dma.o(i.HAL_DMA_Abort_IT)
    HAL_DMA_GetState                         0x080008d9   Thumb Code     6  stm32f4xx_hal_dma.o(i.HAL_DMA_GetState)
    HAL_Delay                                0x080008e1   Thumb Code    32  stm32f4xx_hal.o(i.HAL_Delay)
    HAL_GPIO_Init                            0x08000905   Thumb Code   358  stm32f4xx_hal_gpio.o(i.HAL_GPIO_Init)
    HAL_GPIO_ReadPin                         0x08000a8d   Thumb Code    10  stm32f4xx_hal_gpio.o(i.HAL_GPIO_ReadPin)
    HAL_GPIO_WritePin                        0x08000a97   Thumb Code    10  stm32f4xx_hal_gpio.o(i.HAL_GPIO_WritePin)
    HAL_GetTick                              0x08000aa1   Thumb Code     6  stm32f4xx_hal.o(i.HAL_GetTick)
    HAL_I2C_AbortCpltCallback                0x08000aad   Thumb Code     2  stm32f4xx_hal_i2c.o(i.HAL_I2C_AbortCpltCallback)
    HAL_I2C_AddrCallback                     0x08000aaf   Thumb Code     2  stm32f4xx_hal_i2c.o(i.HAL_I2C_AddrCallback)
    HAL_I2C_ER_IRQHandler                    0x08000ab1   Thumb Code   186  stm32f4xx_hal_i2c.o(i.HAL_I2C_ER_IRQHandler)
    HAL_I2C_EV_IRQHandler                    0x08000b6b   Thumb Code   602  stm32f4xx_hal_i2c.o(i.HAL_I2C_EV_IRQHandler)
    HAL_I2C_ErrorCallback                    0x08000dc5   Thumb Code     2  stm32f4xx_hal_i2c.o(i.HAL_I2C_ErrorCallback)
    HAL_I2C_Init                             0x08000dc9   Thumb Code   356  stm32f4xx_hal_i2c.o(i.HAL_I2C_Init)
    HAL_I2C_ListenCpltCallback               0x08000f3d   Thumb Code     2  stm32f4xx_hal_i2c.o(i.HAL_I2C_ListenCpltCallback)
    HAL_I2C_MasterRxCpltCallback             0x08000f3f   Thumb Code     2  stm32f4xx_hal_i2c.o(i.HAL_I2C_MasterRxCpltCallback)
    HAL_I2C_MasterTxCpltCallback             0x08000f41   Thumb Code     2  stm32f4xx_hal_i2c.o(i.HAL_I2C_MasterTxCpltCallback)
    HAL_I2C_MemRxCpltCallback                0x08000f43   Thumb Code     2  stm32f4xx_hal_i2c.o(i.HAL_I2C_MemRxCpltCallback)
    HAL_I2C_MemTxCpltCallback                0x08000f45   Thumb Code     2  stm32f4xx_hal_i2c.o(i.HAL_I2C_MemTxCpltCallback)
    HAL_I2C_Mem_Read                         0x08000f49   Thumb Code   490  stm32f4xx_hal_i2c.o(i.HAL_I2C_Mem_Read)
    HAL_I2C_Mem_Write                        0x08001141   Thumb Code   294  stm32f4xx_hal_i2c.o(i.HAL_I2C_Mem_Write)
    HAL_I2C_MspInit                          0x08001271   Thumb Code   126  i2c.o(i.HAL_I2C_MspInit)
    HAL_I2C_SlaveRxCpltCallback              0x080012fd   Thumb Code     2  stm32f4xx_hal_i2c.o(i.HAL_I2C_SlaveRxCpltCallback)
    HAL_I2C_SlaveTxCpltCallback              0x080012ff   Thumb Code     2  stm32f4xx_hal_i2c.o(i.HAL_I2C_SlaveTxCpltCallback)
    HAL_IncTick                              0x08001301   Thumb Code    12  stm32f4xx_hal.o(i.HAL_IncTick)
    HAL_Init                                 0x08001311   Thumb Code    48  stm32f4xx_hal.o(i.HAL_Init)
    HAL_InitTick                             0x08001345   Thumb Code    54  stm32f4xx_hal.o(i.HAL_InitTick)
    HAL_MspInit                              0x08001385   Thumb Code    42  stm32f4xx_hal_msp.o(i.HAL_MspInit)
    HAL_NVIC_EnableIRQ                       0x080013b5   Thumb Code    26  stm32f4xx_hal_cortex.o(i.HAL_NVIC_EnableIRQ)
    HAL_NVIC_SetPriority                     0x080013d1   Thumb Code    60  stm32f4xx_hal_cortex.o(i.HAL_NVIC_SetPriority)
    HAL_NVIC_SetPriorityGrouping             0x08001411   Thumb Code    26  stm32f4xx_hal_cortex.o(i.HAL_NVIC_SetPriorityGrouping)
    HAL_RCC_ClockConfig                      0x08001435   Thumb Code   286  stm32f4xx_hal_rcc.o(i.HAL_RCC_ClockConfig)
    HAL_RCC_GetPCLK1Freq                     0x08001565   Thumb Code    20  stm32f4xx_hal_rcc.o(i.HAL_RCC_GetPCLK1Freq)
    HAL_RCC_GetPCLK2Freq                     0x08001585   Thumb Code    20  stm32f4xx_hal_rcc.o(i.HAL_RCC_GetPCLK2Freq)
    HAL_RCC_GetSysClockFreq                  0x080015a5   Thumb Code    88  stm32f4xx_hal_rcc.o(i.HAL_RCC_GetSysClockFreq)
    HAL_RCC_OscConfig                        0x08001609   Thumb Code   770  stm32f4xx_hal_rcc.o(i.HAL_RCC_OscConfig)
    HAL_SPI_ErrorCallback                    0x08001925   Thumb Code     2  stm32f4xx_hal_spi.o(i.HAL_SPI_ErrorCallback)
    HAL_SPI_IRQHandler                       0x08001929   Thumb Code   246  stm32f4xx_hal_spi.o(i.HAL_SPI_IRQHandler)
    HAL_SPI_Init                             0x08001a25   Thumb Code   128  stm32f4xx_hal_spi.o(i.HAL_SPI_Init)
    HAL_SPI_MspInit                          0x08001aa5   Thumb Code   108  spi.o(i.HAL_SPI_MspInit)
    HAL_SPI_TransmitReceive                  0x08001b1d   Thumb Code   482  stm32f4xx_hal_spi.o(i.HAL_SPI_TransmitReceive)
    HAL_SYSTICK_Config                       0x08001cff   Thumb Code    40  stm32f4xx_hal_cortex.o(i.HAL_SYSTICK_Config)
    HAL_TIMEx_BreakCallback                  0x08001d27   Thumb Code     2  stm32f4xx_hal_tim_ex.o(i.HAL_TIMEx_BreakCallback)
    HAL_TIMEx_CommutCallback                 0x08001d29   Thumb Code     2  stm32f4xx_hal_tim_ex.o(i.HAL_TIMEx_CommutCallback)
    HAL_TIMEx_MasterConfigSynchronization    0x08001d2b   Thumb Code    66  stm32f4xx_hal_tim_ex.o(i.HAL_TIMEx_MasterConfigSynchronization)
    HAL_TIM_Base_Init                        0x08001d6d   Thumb Code    54  stm32f4xx_hal_tim.o(i.HAL_TIM_Base_Init)
    HAL_TIM_Base_MspInit                     0x08001da5   Thumb Code    50  tim.o(i.HAL_TIM_Base_MspInit)
    HAL_TIM_ConfigClockSource                0x08001ddd   Thumb Code   214  stm32f4xx_hal_tim.o(i.HAL_TIM_ConfigClockSource)
    HAL_TIM_IC_CaptureCallback               0x08001eb3   Thumb Code     2  stm32f4xx_hal_tim.o(i.HAL_TIM_IC_CaptureCallback)
    HAL_TIM_IRQHandler                       0x08001eb5   Thumb Code   358  stm32f4xx_hal_tim.o(i.HAL_TIM_IRQHandler)
    HAL_TIM_MspPostInit                      0x0800201d   Thumb Code    70  tim.o(i.HAL_TIM_MspPostInit)
    HAL_TIM_OC_DelayElapsedCallback          0x0800206d   Thumb Code     2  stm32f4xx_hal_tim.o(i.HAL_TIM_OC_DelayElapsedCallback)
    HAL_TIM_PWM_ConfigChannel                0x0800206f   Thumb Code   208  stm32f4xx_hal_tim.o(i.HAL_TIM_PWM_ConfigChannel)
    HAL_TIM_PWM_Init                         0x0800213f   Thumb Code    54  stm32f4xx_hal_tim.o(i.HAL_TIM_PWM_Init)
    HAL_TIM_PWM_MspInit                      0x08002175   Thumb Code     2  stm32f4xx_hal_tim.o(i.HAL_TIM_PWM_MspInit)
    HAL_TIM_PWM_PulseFinishedCallback        0x08002177   Thumb Code     2  stm32f4xx_hal_tim.o(i.HAL_TIM_PWM_PulseFinishedCallback)
    HAL_TIM_PWM_Start                        0x08002179   Thumb Code    52  stm32f4xx_hal_tim.o(i.HAL_TIM_PWM_Start)
    HAL_TIM_PeriodElapsedCallback            0x080021b1   Thumb Code     2  stm32f4xx_hal_tim.o(i.HAL_TIM_PeriodElapsedCallback)
    HAL_TIM_TriggerCallback                  0x080021b3   Thumb Code     2  stm32f4xx_hal_tim.o(i.HAL_TIM_TriggerCallback)
    HAL_UART_ErrorCallback                   0x080021b5   Thumb Code     2  stm32f4xx_hal_uart.o(i.HAL_UART_ErrorCallback)
    HAL_UART_IRQHandler                      0x080021b9   Thumb Code   266  stm32f4xx_hal_uart.o(i.HAL_UART_IRQHandler)
    HAL_UART_Init                            0x080022c9   Thumb Code    98  stm32f4xx_hal_uart.o(i.HAL_UART_Init)
    HAL_UART_MspInit                         0x0800232d   Thumb Code   110  usart.o(i.HAL_UART_MspInit)
    HAL_UART_RxCpltCallback                  0x080023a9   Thumb Code     2  stm32f4xx_hal_uart.o(i.HAL_UART_RxCpltCallback)
    HAL_UART_Transmit                        0x080023ab   Thumb Code   186  stm32f4xx_hal_uart.o(i.HAL_UART_Transmit)
    HAL_UART_TxCpltCallback                  0x08002465   Thumb Code     2  stm32f4xx_hal_uart.o(i.HAL_UART_TxCpltCallback)
    HardFault_Handler                        0x08002467   Thumb Code     2  stm32f4xx_it.o(i.HardFault_Handler)
    I2C1_ER_IRQHandler                       0x08002469   Thumb Code     6  stm32f4xx_it.o(i.I2C1_ER_IRQHandler)
    I2C1_EV_IRQHandler                       0x08002475   Thumb Code     6  stm32f4xx_it.o(i.I2C1_EV_IRQHandler)
    MPU_Get_Temperature                      0x08003059   Thumb Code    78  mpu6050.o(i.MPU_Get_Temperature)
    MPU_IIC_Ack                              0x080030bd   Thumb Code    68  mpuiic.o(i.MPU_IIC_Ack)
    MPU_IIC_Init                             0x08003105   Thumb Code    68  mpuiic.o(i.MPU_IIC_Init)
    MPU_IIC_NAck                             0x08003151   Thumb Code    68  mpuiic.o(i.MPU_IIC_NAck)
    MPU_IIC_Read_Byte                        0x08003199   Thumb Code   100  mpuiic.o(i.MPU_IIC_Read_Byte)
    MPU_IIC_Send_Byte                        0x08003201   Thumb Code    94  mpuiic.o(i.MPU_IIC_Send_Byte)
    MPU_IIC_Start                            0x08003265   Thumb Code    66  mpuiic.o(i.MPU_IIC_Start)
    MPU_IIC_Stop                             0x080032ad   Thumb Code    68  mpuiic.o(i.MPU_IIC_Stop)
    MPU_IIC_Wait_Ack                         0x080032f5   Thumb Code    88  mpuiic.o(i.MPU_IIC_Wait_Ack)
    MPU_Init                                 0x08003351   Thumb Code   118  mpu6050.o(i.MPU_Init)
    MPU_Read_Byte                            0x080033c7   Thumb Code    58  mpu6050.o(i.MPU_Read_Byte)
    MPU_Read_Len                             0x08003401   Thumb Code   108  mpu6050.o(i.MPU_Read_Len)
    MPU_SDA_IN                               0x0800346d   Thumb Code    36  mpuiic.o(i.MPU_SDA_IN)
    MPU_SDA_OUT                              0x08003495   Thumb Code    38  mpuiic.o(i.MPU_SDA_OUT)
    MPU_Set_Accel_Fsr                        0x080034c1   Thumb Code    10  mpu6050.o(i.MPU_Set_Accel_Fsr)
    MPU_Set_Gyro_Fsr                         0x080034cb   Thumb Code    10  mpu6050.o(i.MPU_Set_Gyro_Fsr)
    MPU_Set_LPF                              0x080034d5   Thumb Code    48  mpu6050.o(i.MPU_Set_LPF)
    MPU_Set_Rate                             0x08003505   Thumb Code    46  mpu6050.o(i.MPU_Set_Rate)
    MPU_Write_Byte                           0x08003533   Thumb Code    60  mpu6050.o(i.MPU_Write_Byte)
    MPU_Write_Len                            0x0800356f   Thumb Code    82  mpu6050.o(i.MPU_Write_Len)
    MX_GPIO_Init                             0x080035c1   Thumb Code   192  gpio.o(i.MX_GPIO_Init)
    MX_I2C1_Init                             0x0800368d   Thumb Code    50  i2c.o(i.MX_I2C1_Init)
    MX_SPI1_Init                             0x080036cd   Thumb Code    62  spi.o(i.MX_SPI1_Init)
    MX_TIM2_Init                             0x08003715   Thumb Code   194  tim.o(i.MX_TIM2_Init)
    MX_USART1_UART_Init                      0x080037dd   Thumb Code    48  usart.o(i.MX_USART1_UART_Init)
    MemManage_Handler                        0x08003815   Thumb Code     2  stm32f4xx_it.o(i.MemManage_Handler)
    NMI_Handler                              0x08003817   Thumb Code     2  stm32f4xx_it.o(i.NMI_Handler)
    NRF24L01_Check                           0x08003819   Thumb Code    62  si24r1.o(i.NRF24L01_Check)
    NRF24L01_RX_Mode                         0x08003861   Thumb Code    86  si24r1.o(i.NRF24L01_RX_Mode)
    NRF24L01_Read_Buf                        0x080038c1   Thumb Code    68  si24r1.o(i.NRF24L01_Read_Buf)
    NRF24L01_Read_Reg                        0x08003909   Thumb Code    44  si24r1.o(i.NRF24L01_Read_Reg)
    NRF24L01_RxPacket                        0x08003939   Thumb Code    50  si24r1.o(i.NRF24L01_RxPacket)
    NRF24L01_Write_Buf                       0x0800396d   Thumb Code    68  si24r1.o(i.NRF24L01_Write_Buf)
    NRF24L01_Write_Reg                       0x080039b5   Thumb Code    46  si24r1.o(i.NRF24L01_Write_Reg)
    PID_Postion_Cal                          0x080039e9   Thumb Code   130  pid.o(i.PID_Postion_Cal)
    PendSV_Handler                           0x08003a6b   Thumb Code     2  stm32f4xx_it.o(i.PendSV_Handler)
    SPI1_IRQHandler                          0x08003a6d   Thumb Code     6  stm32f4xx_it.o(i.SPI1_IRQHandler)
    SPI1_ReadWriteByte                       0x08003a79   Thumb Code    28  si24r1.o(i.SPI1_ReadWriteByte)
    SVC_Handler                              0x08003b95   Thumb Code     2  stm32f4xx_it.o(i.SVC_Handler)
    SysTick_Handler                          0x08003b97   Thumb Code     4  stm32f4xx_it.o(i.SysTick_Handler)
    SystemClock_Config                       0x08003b9d   Thumb Code   124  main.o(i.SystemClock_Config)
    SystemInit                               0x08003c21   Thumb Code    66  system_stm32f4xx.o(i.SystemInit)
    TIM2_IRQHandler                          0x08003c75   Thumb Code     6  stm32f4xx_it.o(i.TIM2_IRQHandler)
    TIM_Base_SetConfig                       0x08003c81   Thumb Code   122  stm32f4xx_hal_tim.o(i.TIM_Base_SetConfig)
    TIM_CCxChannelCmd                        0x08003d19   Thumb Code    26  stm32f4xx_hal_tim.o(i.TIM_CCxChannelCmd)
    TIM_ETR_SetConfig                        0x08003d33   Thumb Code    20  stm32f4xx_hal_tim.o(i.TIM_ETR_SetConfig)
    TIM_OC2_SetConfig                        0x08003da9   Thumb Code    84  stm32f4xx_hal_tim.o(i.TIM_OC2_SetConfig)
    USART1_IRQHandler                        0x08004319   Thumb Code     6  stm32f4xx_it.o(i.USART1_IRQHandler)
    UsageFault_Handler                       0x08004325   Thumb Code     2  stm32f4xx_it.o(i.UsageFault_Handler)
    __0printf$8                              0x08004329   Thumb Code    22  printf8.o(i.__0printf$8)
    __1printf$8                              0x08004329   Thumb Code     0  printf8.o(i.__0printf$8)
    __2printf                                0x08004329   Thumb Code     0  printf8.o(i.__0printf$8)
    __ARM_fpclassify                         0x08004349   Thumb Code    48  fpclassify.o(i.__ARM_fpclassify)
    __hardfp_asin                            0x08004399   Thumb Code   770  asin.o(i.__hardfp_asin)
    __hardfp_atan                            0x080046f9   Thumb Code   622  atan.o(i.__hardfp_atan)
    __hardfp_atan2                           0x080049d1   Thumb Code   432  atan2.o(i.__hardfp_atan2)
    __kernel_poly                            0x08004bc1   Thumb Code   248  poly.o(i.__kernel_poly)
    __mathlib_dbl_infnan                     0x08004cb9   Thumb Code    20  dunder.o(i.__mathlib_dbl_infnan)
    __mathlib_dbl_infnan2                    0x08004ccd   Thumb Code    20  dunder.o(i.__mathlib_dbl_infnan2)
    __mathlib_dbl_invalid                    0x08004ce1   Thumb Code    24  dunder.o(i.__mathlib_dbl_invalid)
    __mathlib_dbl_underflow                  0x08004d01   Thumb Code    24  dunder.o(i.__mathlib_dbl_underflow)
    __scatterload_copy                       0x08004d21   Thumb Code    14  handlers.o(i.__scatterload_copy)
    __scatterload_null                       0x08004d2f   Thumb Code     2  handlers.o(i.__scatterload_null)
    __scatterload_zeroinit                   0x08004d31   Thumb Code    14  handlers.o(i.__scatterload_zeroinit)
    __set_errno                              0x08004d41   Thumb Code     6  errno.o(i.__set_errno)
    atan                                     0x08005241   Thumb Code    16  atan.o(i.atan)
    bmp280_init                              0x08005251   Thumb Code   200  bmp280.o(i.bmp280_init)
    bmp280_init_default_params               0x08005319   Thumb Code    18  bmp280.o(i.bmp280_init_default_params)
    bmp280_read_fixed                        0x0800532b   Thumb Code   270  bmp280.o(i.bmp280_read_fixed)
    bmp280_read_float                        0x08005439   Thumb Code    94  bmp280.o(i.bmp280_read_float)
    delay_us                                 0x08005601   Thumb Code    14  mpuiic.o(i.delay_us)
    dmp_enable_6x_lp_quat                    0x0800560f   Thumb Code    58  inv_mpu_dmp_motion_driver.o(i.dmp_enable_6x_lp_quat)
    dmp_enable_feature                       0x08005649   Thumb Code   464  inv_mpu_dmp_motion_driver.o(i.dmp_enable_feature)
    dmp_enable_gyro_cal                      0x08005821   Thumb Code    34  inv_mpu_dmp_motion_driver.o(i.dmp_enable_gyro_cal)
    dmp_enable_lp_quat                       0x0800585d   Thumb Code    58  inv_mpu_dmp_motion_driver.o(i.dmp_enable_lp_quat)
    dmp_load_motion_driver_firmware          0x08005899   Thumb Code    16  inv_mpu_dmp_motion_driver.o(i.dmp_load_motion_driver_firmware)
    dmp_read_fifo                            0x080058ad   Thumb Code   324  inv_mpu_dmp_motion_driver.o(i.dmp_read_fifo)
    dmp_set_accel_bias                       0x080059f5   Thumb Code   210  inv_mpu_dmp_motion_driver.o(i.dmp_set_accel_bias)
    dmp_set_fifo_rate                        0x08005acd   Thumb Code    82  inv_mpu_dmp_motion_driver.o(i.dmp_set_fifo_rate)
    dmp_set_gyro_bias                        0x08005b31   Thumb Code   196  inv_mpu_dmp_motion_driver.o(i.dmp_set_gyro_bias)
    dmp_set_orientation                      0x08005bfd   Thumb Code   246  inv_mpu_dmp_motion_driver.o(i.dmp_set_orientation)
    dmp_set_shake_reject_thresh              0x08005d09   Thumb Code    48  inv_mpu_dmp_motion_driver.o(i.dmp_set_shake_reject_thresh)
    dmp_set_shake_reject_time                0x08005d39   Thumb Code    32  inv_mpu_dmp_motion_driver.o(i.dmp_set_shake_reject_time)
    dmp_set_shake_reject_timeout             0x08005d59   Thumb Code    32  inv_mpu_dmp_motion_driver.o(i.dmp_set_shake_reject_timeout)
    dmp_set_tap_axes                         0x08005d79   Thumb Code    64  inv_mpu_dmp_motion_driver.o(i.dmp_set_tap_axes)
    dmp_set_tap_count                        0x08005db9   Thumb Code    34  inv_mpu_dmp_motion_driver.o(i.dmp_set_tap_count)
    dmp_set_tap_thresh                       0x08005ddd   Thumb Code   314  inv_mpu_dmp_motion_driver.o(i.dmp_set_tap_thresh)
    dmp_set_tap_time                         0x08005f3d   Thumb Code    32  inv_mpu_dmp_motion_driver.o(i.dmp_set_tap_time)
    dmp_set_tap_time_multi                   0x08005f5d   Thumb Code    32  inv_mpu_dmp_motion_driver.o(i.dmp_set_tap_time_multi)
    fabs                                     0x08005f7d   Thumb Code    24  fabs.o(i.fabs)
    fputc                                    0x08005f95   Thumb Code    20  usart.o(i.fputc)
    inv_orientation_matrix_to_scalar         0x08006449   Thumb Code    34  inv_mpu.o(i.inv_orientation_matrix_to_scalar)
    inv_row_2_scale                          0x0800646b   Thumb Code    72  inv_mpu.o(i.inv_row_2_scale)
    main                                     0x080064b5   Thumb Code   734  main.o(i.main)
    mget_ms                                  0x08006899   Thumb Code     2  inv_mpu.o(i.mget_ms)
    mpu_configure_fifo                       0x0800689d   Thumb Code    78  inv_mpu.o(i.mpu_configure_fifo)
    mpu_dmp_get_data                         0x080068f1   Thumb Code   344  inv_mpu.o(i.mpu_dmp_get_data)
    mpu_dmp_init                             0x08006a55   Thumb Code   158  inv_mpu.o(i.mpu_dmp_init)
    mpu_get_accel_fsr                        0x08006af9   Thumb Code    54  inv_mpu.o(i.mpu_get_accel_fsr)
    mpu_get_accel_sens                       0x08006b35   Thumb Code    62  inv_mpu.o(i.mpu_get_accel_sens)
    mpu_get_gyro_fsr                         0x08006b79   Thumb Code    48  inv_mpu.o(i.mpu_get_gyro_fsr)
    mpu_get_gyro_sens                        0x08006bad   Thumb Code    54  inv_mpu.o(i.mpu_get_gyro_sens)
    mpu_get_lpf                              0x08006bf9   Thumb Code    52  inv_mpu.o(i.mpu_get_lpf)
    mpu_get_sample_rate                      0x08006c31   Thumb Code    22  inv_mpu.o(i.mpu_get_sample_rate)
    mpu_init                                 0x08006c4d   Thumb Code   310  inv_mpu.o(i.mpu_init)
    mpu_load_firmware                        0x08006dd5   Thumb Code   154  inv_mpu.o(i.mpu_load_firmware)
    mpu_lp_accel_mode                        0x08006e75   Thumb Code   178  inv_mpu.o(i.mpu_lp_accel_mode)
    mpu_read_fifo_stream                     0x08006f2d   Thumb Code   140  inv_mpu.o(i.mpu_read_fifo_stream)
    mpu_read_mem                             0x08006fbd   Thumb Code    80  inv_mpu.o(i.mpu_read_mem)
    mpu_reset_fifo                           0x08007011   Thumb Code   346  inv_mpu.o(i.mpu_reset_fifo)
    mpu_run_self_test                        0x08007171   Thumb Code   234  inv_mpu.o(i.mpu_run_self_test)
    mpu_set_accel_fsr                        0x08007261   Thumb Code    98  inv_mpu.o(i.mpu_set_accel_fsr)
    mpu_set_bypass                           0x080072c9   Thumb Code   214  inv_mpu.o(i.mpu_set_bypass)
    mpu_set_dmp_state                        0x080073a5   Thumb Code   114  inv_mpu.o(i.mpu_set_dmp_state)
    mpu_set_gyro_fsr                         0x0800741d   Thumb Code   104  inv_mpu.o(i.mpu_set_gyro_fsr)
    mpu_set_int_latched                      0x08007489   Thumb Code    94  inv_mpu.o(i.mpu_set_int_latched)
    mpu_set_lpf                              0x080074ed   Thumb Code   102  inv_mpu.o(i.mpu_set_lpf)
    mpu_set_sample_rate                      0x08007559   Thumb Code   124  inv_mpu.o(i.mpu_set_sample_rate)
    mpu_set_sensors                          0x080075d9   Thumb Code   178  inv_mpu.o(i.mpu_set_sensors)
    mpu_write_mem                            0x08007691   Thumb Code    80  inv_mpu.o(i.mpu_write_mem)
    pidParameter_init                        0x080076e5   Thumb Code    86  pid.o(i.pidParameter_init)
    run_self_test                            0x080078db   Thumb Code   136  inv_mpu.o(i.run_self_test)
    sqrt                                     0x080079bd   Thumb Code   110  sqrt.o(i.sqrt)
    reg                                      0x08007a58   Data          27  inv_mpu.o(.constdata)
    hw                                       0x08007a74   Data          12  inv_mpu.o(.constdata)
    test                                     0x08007a80   Data          40  inv_mpu.o(.constdata)
    TX_ADDRESS                               0x0800869e   Data           5  si24r1.o(.constdata)
    RX_ADDRESS                               0x080086a3   Data           5  si24r1.o(.constdata)
    AHBPrescTable                            0x080086a8   Data          16  system_stm32f4xx.o(.constdata)
    APBPrescTable                            0x080086b8   Data           8  system_stm32f4xx.o(.constdata)
    __mathlib_zero                           0x080087a8   Data           8  qnan.o(.constdata)
    Region$$Table$$Base                      0x08008800   Number         0  anon$$obj.o(Region$$Table)
    Region$$Table$$Limit                     0x08008820   Number         0  anon$$obj.o(Region$$Table)
    Airplane_Enable                          0x20000038   Data           1  main.o(.data)
    motor_THROTTLE                           0x2000003a   Data           2  main.o(.data)
    temp                                     0x2000003c   Data           2  main.o(.data)
    mpu6050                                  0x2000003e   Data           2  main.o(.data)
    pitch_target                             0x20000040   Data           4  main.o(.data)
    roll_target                              0x20000044   Data           4  main.o(.data)
    yaw_target                               0x20000048   Data           4  main.o(.data)
    pitch                                    0x2000004c   Data           4  main.o(.data)
    roll                                     0x20000050   Data           4  main.o(.data)
    yaw                                      0x20000054   Data           4  main.o(.data)
    pressure                                 0x20000058   Data           4  main.o(.data)
    temperature                              0x2000005c   Data           4  main.o(.data)
    humidity                                 0x20000060   Data           4  main.o(.data)
    motor_pwm                                0x20000064   Data           8  main.o(.data)
    uwTickFreq                               0x2000006c   Data           1  stm32f4xx_hal.o(.data)
    uwTickPrio                               0x20000070   Data           4  stm32f4xx_hal.o(.data)
    uwTick                                   0x20000074   Data           4  stm32f4xx_hal.o(.data)
    SystemCoreClock                          0x20000078   Data           4  system_stm32f4xx.o(.data)
    __stdout                                 0x2000007c   Data           4  stdout.o(.data)
    Data                                     0x20000094   Data          32  main.o(.bss)
    bmp280                                   0x200000b4   Data          52  main.o(.bss)
    PID_ROL_Angle                            0x200000e8   Data          56  main.o(.bss)
    PID_PIT_Angle                            0x20000120   Data          56  main.o(.bss)
    PID_YAW_Angle                            0x20000158   Data          56  main.o(.bss)
    hi2c1                                    0x20000190   Data          84  i2c.o(.bss)
    hspi1                                    0x200001e4   Data          88  spi.o(.bss)
    htim2                                    0x2000023c   Data          64  tim.o(.bss)
    huart1                                   0x2000027c   Data          64  usart.o(.bss)
    __initial_sp                             0x200006c0   Data           0  startup_stm32f401xc.o(STACK)



==============================================================================

Memory Map of the image

  Image Entry point : 0x08000195

  Load Region LR_IROM1 (Base: 0x08000000, Size: 0x000088a4, Max: 0x00040000, ABSOLUTE)

    Execution Region ER_IROM1 (Base: 0x08000000, Size: 0x00008820, Max: 0x00040000, ABSOLUTE)

    Base Addr    Size         Type   Attr      Idx    E Section Name        Object

    0x08000000   0x00000194   Data   RO            3    RESET               startup_stm32f401xc.o
    0x08000194   0x00000000   Code   RO         4726  * .ARM.Collect$$$$00000000  mc_w.l(entry.o)
    0x08000194   0x00000004   Code   RO         5061    .ARM.Collect$$$$00000001  mc_w.l(entry2.o)
    0x08000198   0x00000004   Code   RO         5064    .ARM.Collect$$$$00000004  mc_w.l(entry5.o)
    0x0800019c   0x00000000   Code   RO         5066    .ARM.Collect$$$$00000008  mc_w.l(entry7b.o)
    0x0800019c   0x00000000   Code   RO         5068    .ARM.Collect$$$$0000000A  mc_w.l(entry8b.o)
    0x0800019c   0x00000008   Code   RO         5069    .ARM.Collect$$$$0000000B  mc_w.l(entry9a.o)
    0x080001a4   0x00000000   Code   RO         5071    .ARM.Collect$$$$0000000D  mc_w.l(entry10a.o)
    0x080001a4   0x00000000   Code   RO         5073    .ARM.Collect$$$$0000000F  mc_w.l(entry11a.o)
    0x080001a4   0x00000004   Code   RO         5062    .ARM.Collect$$$$00002712  mc_w.l(entry2.o)
    0x080001a8   0x00000024   Code   RO            4    .text               startup_stm32f401xc.o
    0x080001cc   0x00000062   Code   RO         4729    .text               mc_w.l(uldiv.o)
    0x0800022e   0x00000062   Code   RO         4731    .text               mc_w.l(ldiv.o)
    0x08000290   0x00000024   Code   RO         4733    .text               mc_w.l(memseta.o)
    0x080002b4   0x0000001a   Code   RO         4735    .text               mc_w.l(memcmp.o)
    0x080002ce   0x0000014e   Code   RO         4998    .text               mf_w.l(dadd.o)
    0x0800041c   0x000000e4   Code   RO         5000    .text               mf_w.l(dmul.o)
    0x08000500   0x000000de   Code   RO         5002    .text               mf_w.l(ddiv.o)
    0x080005de   0x00000022   Code   RO         5004    .text               mf_w.l(dflti.o)
    0x08000600   0x00000026   Code   RO         5006    .text               mf_w.l(f2d.o)
    0x08000626   0x00000038   Code   RO         5008    .text               mf_w.l(d2f.o)
    0x0800065e   0x0000001e   Code   RO         5078    .text               mc_w.l(llshl.o)
    0x0800067c   0x00000020   Code   RO         5080    .text               mc_w.l(llushr.o)
    0x0800069c   0x00000024   Code   RO         5082    .text               mc_w.l(llsshr.o)
    0x080006c0   0x00000000   Code   RO         5091    .text               mc_w.l(iusefp.o)
    0x080006c0   0x0000006e   Code   RO         5092    .text               mf_w.l(fepilogue.o)
    0x0800072e   0x000000ba   Code   RO         5094    .text               mf_w.l(depilogue.o)
    0x080007e8   0x00000024   Code   RO         5102    .text               mc_w.l(init.o)
    0x0800080c   0x000000a2   Code   RO         5104    .text               mf_w.l(dsqrt.o)
    0x080008ae   0x00000002   Code   RO         1330    i.BusFault_Handler  stm32f4xx_it.o
    0x080008b0   0x00000002   Code   RO         1331    i.DebugMon_Handler  stm32f4xx_it.o
    0x080008b2   0x00000002   Code   RO         1055    i.Error_Handler     main.o
    0x080008b4   0x00000024   Code   RO         3975    i.HAL_DMA_Abort_IT  stm32f4xx_hal_dma.o
    0x080008d8   0x00000006   Code   RO         3978    i.HAL_DMA_GetState  stm32f4xx_hal_dma.o
    0x080008de   0x00000002   PAD
    0x080008e0   0x00000024   Code   RO         4417    i.HAL_Delay         stm32f4xx_hal.o
    0x08000904   0x00000188   Code   RO         3867    i.HAL_GPIO_Init     stm32f4xx_hal_gpio.o
    0x08000a8c   0x0000000a   Code   RO         3869    i.HAL_GPIO_ReadPin  stm32f4xx_hal_gpio.o
    0x08000a96   0x0000000a   Code   RO         3871    i.HAL_GPIO_WritePin  stm32f4xx_hal_gpio.o
    0x08000aa0   0x0000000c   Code   RO         4423    i.HAL_GetTick       stm32f4xx_hal.o
    0x08000aac   0x00000002   Code   RO         1460    i.HAL_I2C_AbortCpltCallback  stm32f4xx_hal_i2c.o
    0x08000aae   0x00000002   Code   RO         1461    i.HAL_I2C_AddrCallback  stm32f4xx_hal_i2c.o
    0x08000ab0   0x000000ba   Code   RO         1464    i.HAL_I2C_ER_IRQHandler  stm32f4xx_hal_i2c.o
    0x08000b6a   0x0000025a   Code   RO         1465    i.HAL_I2C_EV_IRQHandler  stm32f4xx_hal_i2c.o
    0x08000dc4   0x00000002   Code   RO         1467    i.HAL_I2C_ErrorCallback  stm32f4xx_hal_i2c.o
    0x08000dc6   0x00000002   PAD
    0x08000dc8   0x00000174   Code   RO         1471    i.HAL_I2C_Init      stm32f4xx_hal_i2c.o
    0x08000f3c   0x00000002   Code   RO         1473    i.HAL_I2C_ListenCpltCallback  stm32f4xx_hal_i2c.o
    0x08000f3e   0x00000002   Code   RO         1474    i.HAL_I2C_MasterRxCpltCallback  stm32f4xx_hal_i2c.o
    0x08000f40   0x00000002   Code   RO         1475    i.HAL_I2C_MasterTxCpltCallback  stm32f4xx_hal_i2c.o
    0x08000f42   0x00000002   Code   RO         1487    i.HAL_I2C_MemRxCpltCallback  stm32f4xx_hal_i2c.o
    0x08000f44   0x00000002   Code   RO         1488    i.HAL_I2C_MemTxCpltCallback  stm32f4xx_hal_i2c.o
    0x08000f46   0x00000002   PAD
    0x08000f48   0x000001f8   Code   RO         1489    i.HAL_I2C_Mem_Read  stm32f4xx_hal_i2c.o
    0x08001140   0x00000130   Code   RO         1492    i.HAL_I2C_Mem_Write  stm32f4xx_hal_i2c.o
    0x08001270   0x0000008c   Code   RO         1151    i.HAL_I2C_MspInit   i2c.o
    0x080012fc   0x00000002   Code   RO         1497    i.HAL_I2C_SlaveRxCpltCallback  stm32f4xx_hal_i2c.o
    0x080012fe   0x00000002   Code   RO         1498    i.HAL_I2C_SlaveTxCpltCallback  stm32f4xx_hal_i2c.o
    0x08001300   0x00000010   Code   RO         4429    i.HAL_IncTick       stm32f4xx_hal.o
    0x08001310   0x00000034   Code   RO         4430    i.HAL_Init          stm32f4xx_hal.o
    0x08001344   0x00000040   Code   RO         4431    i.HAL_InitTick      stm32f4xx_hal.o
    0x08001384   0x00000030   Code   RO         1436    i.HAL_MspInit       stm32f4xx_hal_msp.o
    0x080013b4   0x0000001a   Code   RO         4280    i.HAL_NVIC_EnableIRQ  stm32f4xx_hal_cortex.o
    0x080013ce   0x00000002   PAD
    0x080013d0   0x00000040   Code   RO         4286    i.HAL_NVIC_SetPriority  stm32f4xx_hal_cortex.o
    0x08001410   0x00000024   Code   RO         4287    i.HAL_NVIC_SetPriorityGrouping  stm32f4xx_hal_cortex.o
    0x08001434   0x00000130   Code   RO         3489    i.HAL_RCC_ClockConfig  stm32f4xx_hal_rcc.o
    0x08001564   0x00000020   Code   RO         3496    i.HAL_RCC_GetPCLK1Freq  stm32f4xx_hal_rcc.o
    0x08001584   0x00000020   Code   RO         3497    i.HAL_RCC_GetPCLK2Freq  stm32f4xx_hal_rcc.o
    0x080015a4   0x00000064   Code   RO         3498    i.HAL_RCC_GetSysClockFreq  stm32f4xx_hal_rcc.o
    0x08001608   0x0000031c   Code   RO         3501    i.HAL_RCC_OscConfig  stm32f4xx_hal_rcc.o
    0x08001924   0x00000002   Code   RO         1919    i.HAL_SPI_ErrorCallback  stm32f4xx_hal_spi.o
    0x08001926   0x00000002   PAD
    0x08001928   0x000000fc   Code   RO         1922    i.HAL_SPI_IRQHandler  stm32f4xx_hal_spi.o
    0x08001a24   0x00000080   Code   RO         1923    i.HAL_SPI_Init      stm32f4xx_hal_spi.o
    0x08001aa4   0x00000078   Code   RO         1193    i.HAL_SPI_MspInit   spi.o
    0x08001b1c   0x000001e2   Code   RO         1932    i.HAL_SPI_TransmitReceive  stm32f4xx_hal_spi.o
    0x08001cfe   0x00000028   Code   RO         4291    i.HAL_SYSTICK_Config  stm32f4xx_hal_cortex.o
    0x08001d26   0x00000002   Code   RO         2911    i.HAL_TIMEx_BreakCallback  stm32f4xx_hal_tim_ex.o
    0x08001d28   0x00000002   Code   RO         2912    i.HAL_TIMEx_CommutCallback  stm32f4xx_hal_tim_ex.o
    0x08001d2a   0x00000042   Code   RO         2929    i.HAL_TIMEx_MasterConfigSynchronization  stm32f4xx_hal_tim_ex.o
    0x08001d6c   0x00000036   Code   RO         2236    i.HAL_TIM_Base_Init  stm32f4xx_hal_tim.o
    0x08001da2   0x00000002   PAD
    0x08001da4   0x00000038   Code   RO         1235    i.HAL_TIM_Base_MspInit  tim.o
    0x08001ddc   0x000000d6   Code   RO         2245    i.HAL_TIM_ConfigClockSource  stm32f4xx_hal_tim.o
    0x08001eb2   0x00000002   Code   RO         2265    i.HAL_TIM_IC_CaptureCallback  stm32f4xx_hal_tim.o
    0x08001eb4   0x00000166   Code   RO         2279    i.HAL_TIM_IRQHandler  stm32f4xx_hal_tim.o
    0x0800201a   0x00000002   PAD
    0x0800201c   0x00000050   Code   RO         1236    i.HAL_TIM_MspPostInit  tim.o
    0x0800206c   0x00000002   Code   RO         2282    i.HAL_TIM_OC_DelayElapsedCallback  stm32f4xx_hal_tim.o
    0x0800206e   0x000000d0   Code   RO         2303    i.HAL_TIM_PWM_ConfigChannel  stm32f4xx_hal_tim.o
    0x0800213e   0x00000036   Code   RO         2306    i.HAL_TIM_PWM_Init  stm32f4xx_hal_tim.o
    0x08002174   0x00000002   Code   RO         2308    i.HAL_TIM_PWM_MspInit  stm32f4xx_hal_tim.o
    0x08002176   0x00000002   Code   RO         2309    i.HAL_TIM_PWM_PulseFinishedCallback  stm32f4xx_hal_tim.o
    0x08002178   0x00000038   Code   RO         2311    i.HAL_TIM_PWM_Start  stm32f4xx_hal_tim.o
    0x080021b0   0x00000002   Code   RO         2317    i.HAL_TIM_PeriodElapsedCallback  stm32f4xx_hal_tim.o
    0x080021b2   0x00000002   Code   RO         2322    i.HAL_TIM_TriggerCallback  stm32f4xx_hal_tim.o
    0x080021b4   0x00000002   Code   RO         3183    i.HAL_UART_ErrorCallback  stm32f4xx_hal_uart.o
    0x080021b6   0x00000002   PAD
    0x080021b8   0x00000110   Code   RO         3186    i.HAL_UART_IRQHandler  stm32f4xx_hal_uart.o
    0x080022c8   0x00000062   Code   RO         3187    i.HAL_UART_Init     stm32f4xx_hal_uart.o
    0x0800232a   0x00000002   PAD
    0x0800232c   0x0000007c   Code   RO         1283    i.HAL_UART_MspInit  usart.o
    0x080023a8   0x00000002   Code   RO         3193    i.HAL_UART_RxCpltCallback  stm32f4xx_hal_uart.o
    0x080023aa   0x000000ba   Code   RO         3195    i.HAL_UART_Transmit  stm32f4xx_hal_uart.o
    0x08002464   0x00000002   Code   RO         3198    i.HAL_UART_TxCpltCallback  stm32f4xx_hal_uart.o
    0x08002466   0x00000002   Code   RO         1332    i.HardFault_Handler  stm32f4xx_it.o
    0x08002468   0x0000000c   Code   RO         1333    i.I2C1_ER_IRQHandler  stm32f4xx_it.o
    0x08002474   0x0000000c   Code   RO         1334    i.I2C1_EV_IRQHandler  stm32f4xx_it.o
    0x08002480   0x0000007e   Code   RO         1509    i.I2C_DMAAbort      stm32f4xx_hal_i2c.o
    0x080024fe   0x00000002   PAD
    0x08002500   0x00000140   Code   RO         1512    i.I2C_ITError       stm32f4xx_hal_i2c.o
    0x08002640   0x0000002e   Code   RO         1513    i.I2C_IsAcknowledgeFailed  stm32f4xx_hal_i2c.o
    0x0800266e   0x000000d2   Code   RO         1514    i.I2C_MasterReceive_BTF  stm32f4xx_hal_i2c.o
    0x08002740   0x00000092   Code   RO         1515    i.I2C_MasterReceive_RXNE  stm32f4xx_hal_i2c.o
    0x080027d2   0x00000002   PAD
    0x080027d4   0x00000082   Code   RO         1518    i.I2C_MasterTransmit_BTF  stm32f4xx_hal_i2c.o
    0x08002856   0x00000002   PAD
    0x08002858   0x00000104   Code   RO         1519    i.I2C_MasterTransmit_TXE  stm32f4xx_hal_i2c.o
    0x0800295c   0x00000118   Code   RO         1520    i.I2C_Master_ADDR   stm32f4xx_hal_i2c.o
    0x08002a74   0x0000008e   Code   RO         1521    i.I2C_Master_SB     stm32f4xx_hal_i2c.o
    0x08002b02   0x000000e6   Code   RO         1522    i.I2C_RequestMemoryRead  stm32f4xx_hal_i2c.o
    0x08002be8   0x00000094   Code   RO         1523    i.I2C_RequestMemoryWrite  stm32f4xx_hal_i2c.o
    0x08002c7c   0x00000084   Code   RO         1524    i.I2C_Slave_AF      stm32f4xx_hal_i2c.o
    0x08002d00   0x0000015c   Code   RO         1525    i.I2C_Slave_STOPF   stm32f4xx_hal_i2c.o
    0x08002e5c   0x0000004c   Code   RO         1526    i.I2C_WaitOnBTFFlagUntilTimeout  stm32f4xx_hal_i2c.o
    0x08002ea8   0x00000068   Code   RO         1527    i.I2C_WaitOnFlagUntilTimeout  stm32f4xx_hal_i2c.o
    0x08002f10   0x00000096   Code   RO         1528    i.I2C_WaitOnMasterAddressFlagUntilTimeout  stm32f4xx_hal_i2c.o
    0x08002fa6   0x00000066   Code   RO         1529    i.I2C_WaitOnRXNEFlagUntilTimeout  stm32f4xx_hal_i2c.o
    0x0800300c   0x0000004c   Code   RO         1530    i.I2C_WaitOnTXEFlagUntilTimeout  stm32f4xx_hal_i2c.o
    0x08003058   0x00000064   Code   RO           15    i.MPU_Get_Temperature  mpu6050.o
    0x080030bc   0x00000048   Code   RO          217    i.MPU_IIC_Ack       mpuiic.o
    0x08003104   0x0000004c   Code   RO          219    i.MPU_IIC_Init      mpuiic.o
    0x08003150   0x00000048   Code   RO          220    i.MPU_IIC_NAck      mpuiic.o
    0x08003198   0x00000068   Code   RO          221    i.MPU_IIC_Read_Byte  mpuiic.o
    0x08003200   0x00000064   Code   RO          222    i.MPU_IIC_Send_Byte  mpuiic.o
    0x08003264   0x00000048   Code   RO          223    i.MPU_IIC_Start     mpuiic.o
    0x080032ac   0x00000048   Code   RO          224    i.MPU_IIC_Stop      mpuiic.o
    0x080032f4   0x0000005c   Code   RO          225    i.MPU_IIC_Wait_Ack  mpuiic.o
    0x08003350   0x00000076   Code   RO           16    i.MPU_Init          mpu6050.o
    0x080033c6   0x0000003a   Code   RO           17    i.MPU_Read_Byte     mpu6050.o
    0x08003400   0x0000006c   Code   RO           18    i.MPU_Read_Len      mpu6050.o
    0x0800346c   0x00000028   Code   RO          226    i.MPU_SDA_IN        mpuiic.o
    0x08003494   0x0000002c   Code   RO          227    i.MPU_SDA_OUT       mpuiic.o
    0x080034c0   0x0000000a   Code   RO           19    i.MPU_Set_Accel_Fsr  mpu6050.o
    0x080034ca   0x0000000a   Code   RO           20    i.MPU_Set_Gyro_Fsr  mpu6050.o
    0x080034d4   0x00000030   Code   RO           21    i.MPU_Set_LPF       mpu6050.o
    0x08003504   0x0000002e   Code   RO           22    i.MPU_Set_Rate      mpu6050.o
    0x08003532   0x0000003c   Code   RO           23    i.MPU_Write_Byte    mpu6050.o
    0x0800356e   0x00000052   Code   RO           24    i.MPU_Write_Len     mpu6050.o
    0x080035c0   0x000000cc   Code   RO         1126    i.MX_GPIO_Init      gpio.o
    0x0800368c   0x00000040   Code   RO         1152    i.MX_I2C1_Init      i2c.o
    0x080036cc   0x00000048   Code   RO         1194    i.MX_SPI1_Init      spi.o
    0x08003714   0x000000c8   Code   RO         1237    i.MX_TIM2_Init      tim.o
    0x080037dc   0x00000038   Code   RO         1284    i.MX_USART1_UART_Init  usart.o
    0x08003814   0x00000002   Code   RO         1335    i.MemManage_Handler  stm32f4xx_it.o
    0x08003816   0x00000002   Code   RO         1336    i.NMI_Handler       stm32f4xx_it.o
    0x08003818   0x00000048   Code   RO          851    i.NRF24L01_Check    si24r1.o
    0x08003860   0x00000060   Code   RO          852    i.NRF24L01_RX_Mode  si24r1.o
    0x080038c0   0x00000048   Code   RO          853    i.NRF24L01_Read_Buf  si24r1.o
    0x08003908   0x00000030   Code   RO          854    i.NRF24L01_Read_Reg  si24r1.o
    0x08003938   0x00000032   Code   RO          855    i.NRF24L01_RxPacket  si24r1.o
    0x0800396a   0x00000002   PAD
    0x0800396c   0x00000048   Code   RO          858    i.NRF24L01_Write_Buf  si24r1.o
    0x080039b4   0x00000034   Code   RO          859    i.NRF24L01_Write_Reg  si24r1.o
    0x080039e8   0x00000082   Code   RO         1021    i.PID_Postion_Cal   pid.o
    0x08003a6a   0x00000002   Code   RO         1337    i.PendSV_Handler    stm32f4xx_it.o
    0x08003a6c   0x0000000c   Code   RO         1338    i.SPI1_IRQHandler   stm32f4xx_it.o
    0x08003a78   0x00000020   Code   RO          860    i.SPI1_ReadWriteByte  si24r1.o
    0x08003a98   0x00000010   Code   RO         1950    i.SPI_DMAAbortOnError  stm32f4xx_hal_spi.o
    0x08003aa8   0x00000058   Code   RO         1961    i.SPI_EndRxTxTransaction  stm32f4xx_hal_spi.o
    0x08003b00   0x00000094   Code   RO         1966    i.SPI_WaitFlagStateUntilTimeout  stm32f4xx_hal_spi.o
    0x08003b94   0x00000002   Code   RO         1339    i.SVC_Handler       stm32f4xx_it.o
    0x08003b96   0x00000004   Code   RO         1340    i.SysTick_Handler   stm32f4xx_it.o
    0x08003b9a   0x00000002   PAD
    0x08003b9c   0x00000084   Code   RO         1056    i.SystemClock_Config  main.o
    0x08003c20   0x00000054   Code   RO         4666    i.SystemInit        system_stm32f4xx.o
    0x08003c74   0x0000000c   Code   RO         1341    i.TIM2_IRQHandler   stm32f4xx_it.o
    0x08003c80   0x00000098   Code   RO         2324    i.TIM_Base_SetConfig  stm32f4xx_hal_tim.o
    0x08003d18   0x0000001a   Code   RO         2325    i.TIM_CCxChannelCmd  stm32f4xx_hal_tim.o
    0x08003d32   0x00000014   Code   RO         2335    i.TIM_ETR_SetConfig  stm32f4xx_hal_tim.o
    0x08003d46   0x00000010   Code   RO         2336    i.TIM_ITRx_SetConfig  stm32f4xx_hal_tim.o
    0x08003d56   0x00000002   PAD
    0x08003d58   0x00000050   Code   RO         2337    i.TIM_OC1_SetConfig  stm32f4xx_hal_tim.o
    0x08003da8   0x00000058   Code   RO         2338    i.TIM_OC2_SetConfig  stm32f4xx_hal_tim.o
    0x08003e00   0x00000058   Code   RO         2339    i.TIM_OC3_SetConfig  stm32f4xx_hal_tim.o
    0x08003e58   0x00000044   Code   RO         2340    i.TIM_OC4_SetConfig  stm32f4xx_hal_tim.o
    0x08003e9c   0x00000022   Code   RO         2342    i.TIM_TI1_ConfigInputStage  stm32f4xx_hal_tim.o
    0x08003ebe   0x00000024   Code   RO         2344    i.TIM_TI2_ConfigInputStage  stm32f4xx_hal_tim.o
    0x08003ee2   0x00000010   Code   RO         3200    i.UART_DMAAbortOnError  stm32f4xx_hal_uart.o
    0x08003ef2   0x0000001c   Code   RO         3210    i.UART_EndRxTransfer  stm32f4xx_hal_uart.o
    0x08003f0e   0x00000096   Code   RO         3212    i.UART_Receive_IT   stm32f4xx_hal_uart.o
    0x08003fa4   0x000002ac   Code   RO         3213    i.UART_SetConfig    stm32f4xx_hal_uart.o
    0x08004250   0x00000062   Code   RO         3214    i.UART_Transmit_IT  stm32f4xx_hal_uart.o
    0x080042b2   0x00000064   Code   RO         3215    i.UART_WaitOnFlagUntilTimeout  stm32f4xx_hal_uart.o
    0x08004316   0x00000002   PAD
    0x08004318   0x0000000c   Code   RO         1342    i.USART1_IRQHandler  stm32f4xx_it.o
    0x08004324   0x00000002   Code   RO         1343    i.UsageFault_Handler  stm32f4xx_it.o
    0x08004326   0x00000002   PAD
    0x08004328   0x00000020   Code   RO         4944    i.__0printf$8       mc_w.l(printf8.o)
    0x08004348   0x00000030   Code   RO         5044    i.__ARM_fpclassify  m_wm.l(fpclassify.o)
    0x08004378   0x00000020   Code   RO         4293    i.__NVIC_SetPriority  stm32f4xx_hal_cortex.o
    0x08004398   0x00000360   Code   RO         4700    i.__hardfp_asin     m_wm.l(asin.o)
    0x080046f8   0x000002d8   Code   RO         5010    i.__hardfp_atan     m_wm.l(atan.o)
    0x080049d0   0x000001f0   Code   RO         4714    i.__hardfp_atan2    m_wm.l(atan2.o)
    0x08004bc0   0x000000f8   Code   RO         5046    i.__kernel_poly     m_wm.l(poly.o)
    0x08004cb8   0x00000014   Code   RO         5025    i.__mathlib_dbl_infnan  m_wm.l(dunder.o)
    0x08004ccc   0x00000014   Code   RO         5026    i.__mathlib_dbl_infnan2  m_wm.l(dunder.o)
    0x08004ce0   0x00000020   Code   RO         5027    i.__mathlib_dbl_invalid  m_wm.l(dunder.o)
    0x08004d00   0x00000020   Code   RO         5030    i.__mathlib_dbl_underflow  m_wm.l(dunder.o)
    0x08004d20   0x0000000e   Code   RO         5110    i.__scatterload_copy  mc_w.l(handlers.o)
    0x08004d2e   0x00000002   Code   RO         5111    i.__scatterload_null  mc_w.l(handlers.o)
    0x08004d30   0x0000000e   Code   RO         5112    i.__scatterload_zeroinit  mc_w.l(handlers.o)
    0x08004d3e   0x00000002   PAD
    0x08004d40   0x0000000c   Code   RO         5086    i.__set_errno       mc_w.l(errno.o)
    0x08004d4c   0x00000410   Code   RO         4951    i._printf_core      mc_w.l(printf8.o)
    0x0800515c   0x00000024   Code   RO         4952    i._printf_post_padding  mc_w.l(printf8.o)
    0x08005180   0x0000002e   Code   RO         4953    i._printf_pre_padding  mc_w.l(printf8.o)
    0x080051ae   0x00000002   PAD
    0x080051b0   0x00000090   Code   RO          307    i.accel_self_test   inv_mpu.o
    0x08005240   0x00000010   Code   RO         5012    i.atan              m_wm.l(atan.o)
    0x08005250   0x000000c8   Code   RO          937    i.bmp280_init       bmp280.o
    0x08005318   0x00000012   Code   RO          938    i.bmp280_init_default_params  bmp280.o
    0x0800532a   0x0000010e   Code   RO          940    i.bmp280_read_fixed  bmp280.o
    0x08005438   0x0000006c   Code   RO          941    i.bmp280_read_float  bmp280.o
    0x080054a4   0x0000015c   Code   RO          942    i.compensate_pressure  bmp280.o
    0x08005600   0x0000000e   Code   RO          228    i.delay_us          mpuiic.o
    0x0800560e   0x0000003a   Code   RO          662    i.dmp_enable_6x_lp_quat  inv_mpu_dmp_motion_driver.o
    0x08005648   0x000001d8   Code   RO          663    i.dmp_enable_feature  inv_mpu_dmp_motion_driver.o
    0x08005820   0x0000003c   Code   RO          664    i.dmp_enable_gyro_cal  inv_mpu_dmp_motion_driver.o
    0x0800585c   0x0000003a   Code   RO          665    i.dmp_enable_lp_quat  inv_mpu_dmp_motion_driver.o
    0x08005896   0x00000002   PAD
    0x08005898   0x00000014   Code   RO          670    i.dmp_load_motion_driver_firmware  inv_mpu_dmp_motion_driver.o
    0x080058ac   0x00000148   Code   RO          671    i.dmp_read_fifo     inv_mpu_dmp_motion_driver.o
    0x080059f4   0x000000d8   Code   RO          674    i.dmp_set_accel_bias  inv_mpu_dmp_motion_driver.o
    0x08005acc   0x00000064   Code   RO          675    i.dmp_set_fifo_rate  inv_mpu_dmp_motion_driver.o
    0x08005b30   0x000000cc   Code   RO          676    i.dmp_set_gyro_bias  inv_mpu_dmp_motion_driver.o
    0x08005bfc   0x0000010c   Code   RO          678    i.dmp_set_orientation  inv_mpu_dmp_motion_driver.o
    0x08005d08   0x00000030   Code   RO          681    i.dmp_set_shake_reject_thresh  inv_mpu_dmp_motion_driver.o
    0x08005d38   0x00000020   Code   RO          682    i.dmp_set_shake_reject_time  inv_mpu_dmp_motion_driver.o
    0x08005d58   0x00000020   Code   RO          683    i.dmp_set_shake_reject_timeout  inv_mpu_dmp_motion_driver.o
    0x08005d78   0x00000040   Code   RO          684    i.dmp_set_tap_axes  inv_mpu_dmp_motion_driver.o
    0x08005db8   0x00000022   Code   RO          685    i.dmp_set_tap_count  inv_mpu_dmp_motion_driver.o
    0x08005dda   0x00000002   PAD
    0x08005ddc   0x00000160   Code   RO          686    i.dmp_set_tap_thresh  inv_mpu_dmp_motion_driver.o
    0x08005f3c   0x00000020   Code   RO          687    i.dmp_set_tap_time  inv_mpu_dmp_motion_driver.o
    0x08005f5c   0x00000020   Code   RO          688    i.dmp_set_tap_time_multi  inv_mpu_dmp_motion_driver.o
    0x08005f7c   0x00000018   Code   RO         5040    i.fabs              m_wm.l(fabs.o)
    0x08005f94   0x00000018   Code   RO         1285    i.fputc             usart.o
    0x08005fac   0x000000b4   Code   RO          308    i.get_accel_prod_shift  inv_mpu.o
    0x08006060   0x00000314   Code   RO          309    i.get_st_biases     inv_mpu.o
    0x08006374   0x000000d4   Code   RO          310    i.gyro_self_test    inv_mpu.o
    0x08006448   0x00000022   Code   RO          311    i.inv_orientation_matrix_to_scalar  inv_mpu.o
    0x0800646a   0x00000048   Code   RO          312    i.inv_row_2_scale   inv_mpu.o
    0x080064b2   0x00000002   PAD
    0x080064b4   0x000003e4   Code   RO         1057    i.main              main.o
    0x08006898   0x00000002   Code   RO          313    i.mget_ms           inv_mpu.o
    0x0800689a   0x00000002   PAD
    0x0800689c   0x00000054   Code   RO          314    i.mpu_configure_fifo  inv_mpu.o
    0x080068f0   0x00000164   Code   RO          315    i.mpu_dmp_get_data  inv_mpu.o
    0x08006a54   0x000000a4   Code   RO          316    i.mpu_dmp_init      inv_mpu.o
    0x08006af8   0x0000003c   Code   RO          317    i.mpu_get_accel_fsr  inv_mpu.o
    0x08006b34   0x00000044   Code   RO          319    i.mpu_get_accel_sens  inv_mpu.o
    0x08006b78   0x00000034   Code   RO          325    i.mpu_get_gyro_fsr  inv_mpu.o
    0x08006bac   0x0000004c   Code   RO          327    i.mpu_get_gyro_sens  inv_mpu.o
    0x08006bf8   0x00000038   Code   RO          329    i.mpu_get_lpf       inv_mpu.o
    0x08006c30   0x0000001c   Code   RO          331    i.mpu_get_sample_rate  inv_mpu.o
    0x08006c4c   0x00000188   Code   RO          333    i.mpu_init          inv_mpu.o
    0x08006dd4   0x000000a0   Code   RO          334    i.mpu_load_firmware  inv_mpu.o
    0x08006e74   0x000000b8   Code   RO          335    i.mpu_lp_accel_mode  inv_mpu.o
    0x08006f2c   0x00000090   Code   RO          338    i.mpu_read_fifo_stream  inv_mpu.o
    0x08006fbc   0x00000054   Code   RO          339    i.mpu_read_mem      inv_mpu.o
    0x08007010   0x00000160   Code   RO          342    i.mpu_reset_fifo    inv_mpu.o
    0x08007170   0x000000f0   Code   RO          343    i.mpu_run_self_test  inv_mpu.o
    0x08007260   0x00000068   Code   RO          345    i.mpu_set_accel_fsr  inv_mpu.o
    0x080072c8   0x000000dc   Code   RO          346    i.mpu_set_bypass    inv_mpu.o
    0x080073a4   0x00000078   Code   RO          348    i.mpu_set_dmp_state  inv_mpu.o
    0x0800741c   0x0000006c   Code   RO          349    i.mpu_set_gyro_fsr  inv_mpu.o
    0x08007488   0x00000064   Code   RO          350    i.mpu_set_int_latched  inv_mpu.o
    0x080074ec   0x0000006c   Code   RO          352    i.mpu_set_lpf       inv_mpu.o
    0x08007558   0x00000080   Code   RO          353    i.mpu_set_sample_rate  inv_mpu.o
    0x080075d8   0x000000b8   Code   RO          354    i.mpu_set_sensors   inv_mpu.o
    0x08007690   0x00000054   Code   RO          355    i.mpu_write_mem     inv_mpu.o
    0x080076e4   0x0000006c   Code   RO         1022    i.pidParameter_init  pid.o
    0x08007750   0x000000b0   Code   RO          943    i.read_calibration_data  bmp280.o
    0x08007800   0x0000002a   Code   RO          944    i.read_data         bmp280.o
    0x0800782a   0x00000078   Code   RO          945    i.read_hum_calibration_data  bmp280.o
    0x080078a2   0x00000038   Code   RO          946    i.read_register16   bmp280.o
    0x080078da   0x00000088   Code   RO          356    i.run_self_test     inv_mpu.o
    0x08007962   0x00000002   PAD
    0x08007964   0x00000058   Code   RO          357    i.set_int_enable    inv_mpu.o
    0x080079bc   0x0000006e   Code   RO         5051    i.sqrt              m_wm.l(sqrt.o)
    0x08007a2a   0x0000002e   Code   RO          947    i.write_register8   bmp280.o
    0x08007a58   0x0000001b   Data   RO          359    .constdata          inv_mpu.o
    0x08007a73   0x00000001   PAD
    0x08007a74   0x0000000c   Data   RO          360    .constdata          inv_mpu.o
    0x08007a80   0x00000028   Data   RO          361    .constdata          inv_mpu.o
    0x08007aa8   0x00000bf6   Data   RO          690    .constdata          inv_mpu_dmp_motion_driver.o
    0x0800869e   0x0000000a   Data   RO          861    .constdata          si24r1.o
    0x080086a8   0x00000010   Data   RO         4667    .constdata          system_stm32f4xx.o
    0x080086b8   0x00000008   Data   RO         4668    .constdata          system_stm32f4xx.o
    0x080086c0   0x00000050   Data   RO         4703    .constdata          m_wm.l(asin.o)
    0x08008710   0x00000098   Data   RO         5013    .constdata          m_wm.l(atan.o)
    0x080087a8   0x00000008   Data   RO         5048    .constdata          m_wm.l(qnan.o)
    0x080087b0   0x0000004d   Data   RO          362    .conststring        inv_mpu.o
    0x080087fd   0x00000003   PAD
    0x08008800   0x00000020   Data   RO         5108    Region$$Table       anon$$obj.o


    Execution Region RW_IRAM1 (Base: 0x20000000, Size: 0x000006c0, Max: 0x00010000, ABSOLUTE)

    Base Addr    Size         Type   Attr      Idx    E Section Name        Object

    0x20000000   0x00000035   Data   RW          363    .data               inv_mpu.o
    0x20000035   0x00000003   PAD
    0x20000038   0x00000034   Data   RW         1064    .data               main.o
    0x2000006c   0x0000000c   Data   RW         4437    .data               stm32f4xx_hal.o
    0x20000078   0x00000004   Data   RW         4669    .data               system_stm32f4xx.o
    0x2000007c   0x00000004   Data   RW         5075    .data               mc_w.l(stdout.o)
    0x20000080   0x00000004   Data   RW         5087    .data               mc_w.l(errno.o)
    0x20000084   0x00000010   Zero   RW          689    .bss                inv_mpu_dmp_motion_driver.o
    0x20000094   0x000000fc   Zero   RW         1058    .bss                main.o
    0x20000190   0x00000054   Zero   RW         1153    .bss                i2c.o
    0x200001e4   0x00000058   Zero   RW         1195    .bss                spi.o
    0x2000023c   0x00000040   Zero   RW         1238    .bss                tim.o
    0x2000027c   0x00000040   Zero   RW         1286    .bss                usart.o
    0x200002bc   0x00000004   PAD
    0x200002c0   0x00000400   Zero   RW            1    STACK               startup_stm32f401xc.o


==============================================================================

Image component sizes


      Code (inc. data)   RO Data    RW Data    ZI Data      Debug   Object Name

      1384         20          0          0          0      10823   bmp280.o
       204         12          0          0          0       1047   gpio.o
       204         28          0          0         84       1825   i2c.o
      5312        306        156         53          0      33626   inv_mpu.o
      2410        134       3062          0         16      21470   inv_mpu_dmp_motion_driver.o
      1130        270          0         52        252       6446   main.o
       640         22          0          0          0     438103   mpu6050.o
       758         50          0          0          0       7718   mpuiic.o
       238         22          0          0          0       2702   pid.o
       494         42         10          0          0       6263   si24r1.o
       192         22          0          0         88       1817   spi.o
        36          8        404          0       1024        876   startup_stm32f401xc.o
       180         28          0         12          0       4861   stm32f4xx_hal.o
       198         14          0          0          0      34199   stm32f4xx_hal_cortex.o
        42          0          0          0          0       1926   stm32f4xx_hal_dma.o
       412         34          0          0          0       3227   stm32f4xx_hal_gpio.o
      5014         72          0          0          0      31976   stm32f4xx_hal_i2c.o
        48          6          0          0          0        914   stm32f4xx_hal_msp.o
      1264         80          0          0          0       5400   stm32f4xx_hal_rcc.o
      1116         14          0          0          0       7306   stm32f4xx_hal_spi.o
      1564         54          0          0          0      17218   stm32f4xx_hal_tim.o
        70          0          0          0          0       2605   stm32f4xx_hal_tim_ex.o
      1638         14          0          0          0      10051   stm32f4xx_hal_uart.o
        80         30          0          0          0       6964   stm32f4xx_it.o
        84         18         24          4          0       1279   system_stm32f4xx.o
       336         22          0          0         64       2608   tim.o
       204         26          0          0         64       2486   usart.o

    ----------------------------------------------------------------------
     25296       1348       3692        124       1596     665736   Object Totals
         0          0         32          0          0          0   (incl. Generated)
        44          0          4          3          4          0   (incl. Padding)

    ----------------------------------------------------------------------

      Code (inc. data)   RO Data    RW Data    ZI Data      Debug   Library Member Name

       864         94         80          0          0        280   asin.o
       744        106        152          0          0        352   atan.o
       496         64          0          0          0        192   atan2.o
       104         16          0          0          0        496   dunder.o
        24          0          0          0          0        124   fabs.o
        48          0          0          0          0        124   fpclassify.o
       248          0          0          0          0        152   poly.o
         0          0          8          0          0          0   qnan.o
       110          0          0          0          0        148   sqrt.o
         0          0          0          0          0          0   entry.o
         0          0          0          0          0          0   entry10a.o
         0          0          0          0          0          0   entry11a.o
         8          4          0          0          0          0   entry2.o
         4          0          0          0          0          0   entry5.o
         0          0          0          0          0          0   entry7b.o
         0          0          0          0          0          0   entry8b.o
         8          4          0          0          0          0   entry9a.o
        12          6          0          4          0         68   errno.o
        30          0          0          0          0          0   handlers.o
        36          8          0          0          0         68   init.o
         0          0          0          0          0          0   iusefp.o
        98          0          0          0          0         84   ldiv.o
        30          0          0          0          0         68   llshl.o
        36          0          0          0          0         68   llsshr.o
        32          0          0          0          0         68   llushr.o
        26          0          0          0          0         80   memcmp.o
        36          0          0          0          0        108   memseta.o
      1154         54          0          0          0        352   printf8.o
         0          0          0          4          0          0   stdout.o
        98          0          0          0          0         92   uldiv.o
        56          0          0          0          0         88   d2f.o
       334          0          0          0          0        148   dadd.o
       222          0          0          0          0        100   ddiv.o
       186          0          0          0          0        176   depilogue.o
        34          0          0          0          0         76   dflti.o
       228          0          0          0          0         96   dmul.o
       162          0          0          0          0        100   dsqrt.o
        38          0          0          0          0         68   f2d.o
       110          0          0          0          0        168   fepilogue.o

    ----------------------------------------------------------------------
      5620        356        240          8          0       3944   Library Totals
         4          0          0          0          0          0   (incl. Padding)

    ----------------------------------------------------------------------

      Code (inc. data)   RO Data    RW Data    ZI Data      Debug   Library Name

      2638        280        240          0          0       1868   m_wm.l
      1608         76          0          8          0       1056   mc_w.l
      1370          0          0          0          0       1020   mf_w.l

    ----------------------------------------------------------------------
      5620        356        240          8          0       3944   Library Totals

    ----------------------------------------------------------------------

==============================================================================


      Code (inc. data)   RO Data    RW Data    ZI Data      Debug   

     30916       1704       3932        132       1596     646796   Grand Totals
     30916       1704       3932        132       1596     646796   ELF Image Totals
     30916       1704       3932        132          0          0   ROM Totals

==============================================================================

    Total RO  Size (Code + RO Data)                34848 (  34.03kB)
    Total RW  Size (RW Data + ZI Data)              1728 (   1.69kB)
    Total ROM Size (Code + RO Data + RW Data)      34980 (  34.16kB)

==============================================================================

