<html>
<body>
<pre>
<h1>µVision Build Log</h1>
<h2>Tool Versions:</h2>
IDE-Version: ¦ÌVision V5.21.1.0
Copyright (C) 2016 ARM Ltd and ARM Germany GmbH. All rights reserved.
License Information: lml lml, lml, LIC=S5ISZ-J0ZYP-24ESS-LBRAA-S14VJ-JNP6G
 
Tool Versions:
Toolchain:       MDK-ARM Professional  Version: 5.21a
Toolchain Path:  E:\Keil_v5\ARM\ARMCC\Bin
C Compiler:      Armcc.exe V5.06 update 3 (build 300)
Assembler:       Armasm.exe V5.06 update 3 (build 300)
Linker/Locator:  ArmLink.exe V5.06 update 3 (build 300)
Library Manager: ArmAr.exe V5.06 update 3 (build 300)
Hex Converter:   FromElf.exe V5.06 update 3 (build 300)
CPU DLL:         SARMCM3.DLL V5.21a
Dialog DLL:      DCM.DLL V1.13.8.0
Target DLL:      STLink\ST-LINKIII-KEIL_SWO.dll V2.0.18.0
Dialog DLL:      TCM.DLL V1.14.14.0
 
<h2>Project:</h2>
D:\Project development\Aircraft\code\ËÄÐýÒí\STM32F401_MPU6050_SI24R1_BMP280\MDK-ARM\STM32F401_MPU6050_SI24R1_BMP280.uvprojx
Project File Date:  03/14/2022

<h2>Output:</h2>
*** Using Compiler 'V5.06 update 3 (build 300)', folder: 'E:\Keil_v5\ARM\ARMCC\Bin'
Build target 'STM32F401_MPU6050_SI24R1_BMP280'
assembling startup_stm32f401xc.s...
compiling BMP280.c...
compiling SI24R1.c...
compiling pid.c...
compiling mpu6050.c...
compiling mpuiic.c...
compiling inv_mpu.c...
compiling inv_mpu_dmp_motion_driver.c...
compiling i2c.c...
compiling gpio.c...
compiling main.c...
compiling spi.c...
compiling tim.c...
compiling usart.c...
compiling stm32f4xx_it.c...
compiling stm32f4xx_hal_msp.c...
compiling stm32f4xx_hal_i2c_ex.c...
compiling stm32f4xx_hal_spi.c...
compiling stm32f4xx_hal_tim_ex.c...
compiling stm32f4xx_hal_tim.c...
compiling stm32f4xx_hal_uart.c...
compiling stm32f4xx_hal_i2c.c...
compiling stm32f4xx_hal_rcc_ex.c...
compiling stm32f4xx_hal_rcc.c...
compiling stm32f4xx_hal_flash.c...
compiling stm32f4xx_hal_flash_ex.c...
compiling stm32f4xx_hal_flash_ramfunc.c...
compiling stm32f4xx_hal_gpio.c...
compiling stm32f4xx_hal_dma_ex.c...
compiling stm32f4xx_hal_dma.c...
compiling stm32f4xx_hal_pwr.c...
compiling stm32f4xx_hal_pwr_ex.c...
compiling stm32f4xx_hal.c...
compiling stm32f4xx_hal_exti.c...
compiling stm32f4xx_hal_cortex.c...
compiling system_stm32f4xx.c...
linking...
Program Size: Code=30916 RO-data=3932 RW-data=132 ZI-data=1596  
FromELF: creating hex file...
"STM32F401_MPU6050\STM32F401_MPU6050.axf" - 0 Error(s), 0 Warning(s).

<h2>Software Packages used:</h2>

Package Vendor: ARM
                http://www.keil.com/pack/ARM.CMSIS.4.5.0.pack
                ARM::CMSIS:CORE:4.3.0
                CMSIS (Cortex Microcontroller Software Interface Standard)
   * Component: CORE Version: 4.3.0

<h2>Collection of Component include folders:</h2>
  D:\Project development\Aircraft\code\ËÄÐýÒí\STM32F401_MPU6050_SI24R1_BMP280\MDK-ARM\RTE
  E:\Keil_v5\ARM\PACK\ARM\CMSIS\4.5.0\CMSIS\Include
  E:\Keil_v5\ARM\PACK\Keil\STM32F4xx_DFP\2.9.0\Drivers\CMSIS\Device\ST\STM32F4xx\Include

<h2>Collection of Component Files used:</h2>

   * Component: ARM::CMSIS:CORE:4.3.0
Build Time Elapsed:  00:00:36
</pre>
</body>
</html>
